<html>
<body>
<pre>
<h1>礦ision Build Log</h1>
<h2>Project:</h2>
C:\Users\Administrator\Desktop\STM32L151\STM32L151程序\STM32L151  GPIO与TIM\Project\gpio.uvproj
Project File Date:  12/16/2014

<h2>Output:</h2>
Build target 'gpio'
compiling main.c...
compiling led.c...
linking...
Program Size: Code=5832 RO-data=276 RW-data=64 ZI-data=1632  
"..\Output\Ethernet.axf" - 0 Error(s), 0 Warning(s).
Load "..\\Output\\Ethernet.AXF" 
Set JLink Project File to "C:\Users\Administrator\Desktop\STM32L151\STM32L151程序\STM32L151  GPIO与TIM\Project\JLinkSettings.ini"
* JLink Info: Device "STM32L151C8" selected (64 KB flash, 10 KB RAM).
 
JLink info:
------------
DLL: V4.54a, compiled Sep 17 2012 15:58:45
Firmware: J-Link ARM V8 compiled Jul 17 2014 12:31:18
Hardware: V8.00
S/N : 17935099 
Feature(s) : RDI,FlashDL,FlashBP,JFlash 
 
* JLink Info: Found SWD-DP with ID 0x2BA01477
* JLink Info: TPIU fitted.
* JLink Info: ETM fitted.
* JLink Info: FPUnit: 6 code (BP) slots and 2 literal slots
* JLink Info: Found Cortex-M3 r2p0, Little endian.
ROMTableAddr = 0xE00FF003
 
Target info:
------------
Device: STM32L151C8
VTarget = 3.287V
State of Pins: 
TCK: 0, TDI: 0, TDO: 0, TMS: 1, TRES: 1, TRST: 1
Hardware-Breakpoints: 6
Software-Breakpoints: 8192
Watchpoints:          4
JTAG speed: 2000 kHz
 
Erase Done.
Programming Done.
Verify OK.
Load "..\\Output\\Ethernet.AXF" 
Set JLink Project File to "C:\Users\Administrator\Desktop\STM32L151\STM32L151程序\STM32L151  GPIO与TIM\Project\JLinkSettings.ini"
* JLink Info: Device "STM32L151C8" selected (64 KB flash, 10 KB RAM).
 
JLink info:
------------
DLL: V4.54a, compiled Sep 17 2012 15:58:45
Firmware: J-Link ARM V8 compiled Jul 17 2014 12:31:18
Hardware: V8.00
S/N : 17935099 
Feature(s) : RDI,FlashDL,FlashBP,JFlash 
 
* JLink Info: Found SWD-DP with ID 0x2BA01477
* JLink Info: TPIU fitted.
* JLink Info: ETM fitted.
* JLink Info: FPUnit: 6 code (BP) slots and 2 literal slots
* JLink Info: Found Cortex-M3 r2p0, Little endian.
ROMTableAddr = 0xE00FF003
 
Target info:
------------
Device: STM32L151C8
VTarget = 3.267V
State of Pins: 
TCK: 0, TDI: 0, TDO: 0, TMS: 1, TRES: 1, TRST: 1
Hardware-Breakpoints: 6
Software-Breakpoints: 8192
Watchpoints:          4
JTAG speed: 2000 kHz
 
Erase Done.
Programming Done.
Verify OK.
