<html>
<body>
<pre>
<h1>µVision Build Log</h1>
<h2>Project:</h2>
C:\Users\Administrator\Desktop\STM32L151\STM32L151³ÌÐò\STM32L151  PWM\Project\PWM.uvproj
Project File Date:  01/12/2016

<h2>Output:</h2>
Build target 'PWM'
assembling startup_stm32l1xx_md.s...
compiling misc.c...
compiling stm32l1xx_adc.c...
compiling stm32l1xx_aes.c...
compiling stm32l1xx_aes_util.c...
compiling stm32l1xx_comp.c...
compiling stm32l1xx_crc.c...
compiling stm32l1xx_dac.c...
compiling stm32l1xx_dbgmcu.c...
compiling stm32l1xx_dma.c...
compiling stm32l1xx_exti.c...
compiling stm32l1xx_flash.c...
compiling stm32l1xx_fsmc.c...
compiling stm32l1xx_gpio.c...
compiling stm32l1xx_i2c.c...
compiling stm32l1xx_iwdg.c...
compiling stm32l1xx_lcd.c...
compiling stm32l1xx_opamp.c...
compiling stm32l1xx_pwr.c...
compiling stm32l1xx_rcc.c...
compiling stm32l1xx_rtc.c...
compiling stm32l1xx_sdio.c...
compiling stm32l1xx_spi.c...
compiling stm32l1xx_syscfg.c...
compiling stm32l1xx_tim.c...
compiling stm32l1xx_usart.c...
compiling stm32l1xx_wwdg.c...
compiling main.c...
compiling system_stm32l1xx.c...
compiling stm32l1xx_it.c...
compiling led.c...
compiling delay.c...
compiling sys.c...
linking...
Program Size: Code=5760 RO-data=276 RW-data=72 ZI-data=1632  
"..\Output\Ethernet.axf" - 0 Error(s), 0 Warning(s).
Load "..\\Output\\Ethernet.AXF" 
Set JLink Project File to "C:\Users\Administrator\Desktop\STM32L151\STM32L151³ÌÐò\STM32L151  PWM\Project\JLinkSettings.ini"
* JLink Info: Device "STM32L151RD" selected (384 KB flash, 48 KB RAM).
 
JLink info:
------------
DLL: V4.54a, compiled Sep 17 2012 15:58:45
Firmware: J-Link ARM V8 compiled Jul 17 2014 12:31:18
Hardware: V8.00
S/N : 17935099 
Feature(s) : RDI,FlashDL,FlashBP,JFlash 
 
* JLink Info: Found SWD-DP with ID 0x2BA01477
* JLink Info: TPIU fitted.
* JLink Info: ETM fitted.
* JLink Info: FPUnit: 6 code (BP) slots and 2 literal slots
* JLink Info: Found Cortex-M3 r2p0, Little endian.
ROMTableAddr = 0xE00FF003
 
Target info:
------------
Device: STM32L151RD
VTarget = 3.351V
State of Pins: 
TCK: 0, TDI: 0, TDO: 0, TMS: 1, TRES: 1, TRST: 1
Hardware-Breakpoints: 6
Software-Breakpoints: 8192
Watchpoints:          4
JTAG speed: 4000 kHz
 
Erase Done.
Programming Done.
Verify OK.
Build target 'PWM'
compiling main.c...
linking...
Program Size: Code=5656 RO-data=276 RW-data=72 ZI-data=1632  
"..\Output\Ethernet.axf" - 0 Error(s), 0 Warning(s).
Load "..\\Output\\Ethernet.AXF" 
Set JLink Project File to "C:\Users\Administrator\Desktop\STM32L151\STM32L151³ÌÐò\STM32L151  PWM\Project\JLinkSettings.ini"
* JLink Info: Device "STM32L151RD" selected (384 KB flash, 48 KB RAM).
 
JLink info:
------------
DLL: V4.54a, compiled Sep 17 2012 15:58:45
Firmware: J-Link ARM V8 compiled Jul 17 2014 12:31:18
Hardware: V8.00
S/N : 17935099 
Feature(s) : RDI,FlashDL,FlashBP,JFlash 
 
* JLink Info: Found SWD-DP with ID 0x2BA01477
* JLink Info: TPIU fitted.
* JLink Info: ETM fitted.
* JLink Info: FPUnit: 6 code (BP) slots and 2 literal slots
* JLink Info: Found Cortex-M3 r2p0, Little endian.
ROMTableAddr = 0xE00FF003
 
Target info:
------------
Device: STM32L151RD
VTarget = 3.338V
State of Pins: 
TCK: 0, TDI: 0, TDO: 0, TMS: 1, TRES: 1, TRST: 1
Hardware-Breakpoints: 6
Software-Breakpoints: 8192
Watchpoints:          4
JTAG speed: 4000 kHz
 
Erase Done.
Programming Done.
Verify OK.
