ARM Linker, 5.03 [Build 76] [MDK-ARM Standard]

==============================================================================

Section Cross References

    startup_stm32l1xx_md.o(STACK) refers (Special) to heapauxi.o(.text) for __use_two_region_memory
    startup_stm32l1xx_md.o(HEAP) refers (Special) to heapauxi.o(.text) for __use_two_region_memory
    startup_stm32l1xx_md.o(RESET) refers (Special) to heapauxi.o(.text) for __use_two_region_memory
    startup_stm32l1xx_md.o(RESET) refers to startup_stm32l1xx_md.o(STACK) for __initial_sp
    startup_stm32l1xx_md.o(RESET) refers to startup_stm32l1xx_md.o(.text) for Reset_Handler
    startup_stm32l1xx_md.o(RESET) refers to stm32l1xx_it.o(.text) for NMI_Handler
    startup_stm32l1xx_md.o(.text) refers (Special) to heapauxi.o(.text) for __use_two_region_memory
    startup_stm32l1xx_md.o(.text) refers to system_stm32l1xx.o(.text) for SystemInit
    startup_stm32l1xx_md.o(.text) refers to __main.o(!!!main) for __main
    startup_stm32l1xx_md.o(.text) refers to startup_stm32l1xx_md.o(HEAP) for Heap_Mem
    startup_stm32l1xx_md.o(.text) refers to startup_stm32l1xx_md.o(STACK) for Stack_Mem
    stm32l1xx_adc.o(.text) refers to stm32l1xx_rcc.o(.text) for RCC_APB2PeriphResetCmd
    stm32l1xx_aes.o(.text) refers to stm32l1xx_rcc.o(.text) for RCC_AHBPeriphResetCmd
    stm32l1xx_aes_util.o(.text) refers to stm32l1xx_aes.o(.text) for AES_KeyInit
    stm32l1xx_dac.o(.text) refers to stm32l1xx_rcc.o(.text) for RCC_APB1PeriphResetCmd
    stm32l1xx_gpio.o(.text) refers to stm32l1xx_rcc.o(.text) for RCC_AHBPeriphResetCmd
    stm32l1xx_i2c.o(.text) refers to stm32l1xx_rcc.o(.text) for RCC_APB1PeriphResetCmd
    stm32l1xx_lcd.o(.text) refers to stm32l1xx_rcc.o(.text) for RCC_APB1PeriphResetCmd
    stm32l1xx_pwr.o(.text) refers to stm32l1xx_rcc.o(.text) for RCC_APB1PeriphResetCmd
    stm32l1xx_rcc.o(.text) refers to stm32l1xx_rcc.o(.data) for PLLMulTable
    stm32l1xx_sdio.o(.text) refers to stm32l1xx_rcc.o(.text) for RCC_APB2PeriphResetCmd
    stm32l1xx_spi.o(.text) refers to stm32l1xx_rcc.o(.text) for RCC_APB2PeriphResetCmd
    stm32l1xx_syscfg.o(.text) refers to stm32l1xx_rcc.o(.text) for RCC_APB2PeriphResetCmd
    stm32l1xx_tim.o(.text) refers to stm32l1xx_rcc.o(.text) for RCC_APB1PeriphResetCmd
    stm32l1xx_usart.o(.text) refers to stm32l1xx_rcc.o(.text) for RCC_APB2PeriphResetCmd
    stm32l1xx_wwdg.o(.text) refers to stm32l1xx_rcc.o(.text) for RCC_APB1PeriphResetCmd
    main.o(.text) refers to stm32l1xx_adc.o(.text) for ADC_RegularChannelConfig
    main.o(.text) refers to delay.o(.text) for delay_ms
    main.o(.text) refers to stm32l1xx_rcc.o(.text) for RCC_APB2PeriphClockCmd
    main.o(.text) refers to stm32l1xx_usart.o(.text) for USART_DeInit
    main.o(.text) refers to stm32l1xx_gpio.o(.text) for GPIO_Init
    main.o(.text) refers to noretval__2printf.o(.text) for __2printf
    main.o(.text) refers to main.o(.constdata) for .constdata
    system_stm32l1xx.o(.text) refers to system_stm32l1xx.o(.data) for SystemCoreClock
    stm32l1xx_it.o(.text) refers to stm32l1xx_tim.o(.text) for TIM_GetITStatus
    stm32l1xx_it.o(.text) refers to main.o(.data) for flag
    led.o(.text) refers to stm32l1xx_rcc.o(.text) for RCC_AHBPeriphClockCmd
    led.o(.text) refers to stm32l1xx_gpio.o(.text) for GPIO_Init
    led.o(.text) refers to led.o(.data) for i
    delay.o(.text) refers to delay.o(.data) for fac_us
    sys.o(.text) refers to sys.o(.emb_text) for WFI_SET
    __2printf.o(.text) refers to _printf_char_file.o(.text) for _printf_char_file
    __2printf.o(.text) refers to stdio_streams.o(.bss) for __stdout
    noretval__2printf.o(.text) refers to _printf_char_file.o(.text) for _printf_char_file
    noretval__2printf.o(.text) refers to stdio_streams.o(.bss) for __stdout
    __main.o(!!!main) refers to rtentry.o(.ARM.Collect$$rtentry$$00000000) for __rt_entry
    rtentry.o(.ARM.Collect$$rtentry$$00000000) refers (Special) to rtentry2.o(.ARM.Collect$$rtentry$$0000000A) for __rt_entry_li
    rtentry.o(.ARM.Collect$$rtentry$$00000000) refers (Special) to rtentry2.o(.ARM.Collect$$rtentry$$0000000D) for __rt_entry_main
    rtentry.o(.ARM.Collect$$rtentry$$00000000) refers (Special) to rtentry2.o(.ARM.Collect$$rtentry$$0000000C) for __rt_entry_postli_1
    rtentry.o(.ARM.Collect$$rtentry$$00000000) refers (Special) to rtentry2.o(.ARM.Collect$$rtentry$$00000009) for __rt_entry_postsh_1
    rtentry.o(.ARM.Collect$$rtentry$$00000000) refers (Special) to rtentry2.o(.ARM.Collect$$rtentry$$00000002) for __rt_entry_presh_1
    rtentry.o(.ARM.Collect$$rtentry$$00000000) refers (Special) to rtentry4.o(.ARM.Collect$$rtentry$$00000004) for __rt_entry_sh
    _printf_char_file.o(.text) refers to _printf_char_common.o(.text) for _printf_char_common
    _printf_char_file.o(.text) refers to ferror.o(.text) for ferror
    _printf_char_file.o(.text) refers to fputc.o(i.fputc) for fputc
    stdio_streams.o(.bss) refers (Special) to initio.o(.text) for _initio
[...]
    ../clib/angel/kernel.s                   0x00000000   Number         0  rtentry2.o ABSOLUTE
    ../clib/angel/kernel.s                   0x00000000   Number         0  rtexit2.o ABSOLUTE
    ../clib/angel/kernel.s                   0x00000000   Number         0  rtexit.o ABSOLUTE
    ../clib/angel/kernel.s                   0x00000000   Number         0  rtentry4.o ABSOLUTE
    ../clib/angel/rt.s                       0x00000000   Number         0  rt_heap_descriptor.o ABSOLUTE
    ../clib/angel/rt.s                       0x00000000   Number         0  rt_errno_addr.o ABSOLUTE
    ../clib/angel/rt.s                       0x00000000   Number         0  rt_heap_descriptor_intlibspace.o ABSOLUTE
    ../clib/angel/rt.s                       0x00000000   Number         0  rt_errno_addr_intlibspace.o ABSOLUTE
    ../clib/angel/rt.s                       0x00000000   Number         0  rt_raise.o ABSOLUTE
    ../clib/angel/scatter.s                  0x00000000   Number         0  __scatter.o ABSOLUTE
    ../clib/angel/startup.s                  0x00000000   Number         0  __main.o ABSOLUTE
    ../clib/angel/sys.s                      0x00000000   Number         0  mutex_dummy.o ABSOLUTE
    ../clib/angel/sys.s                      0x00000000   Number         0  use_no_semi.o ABSOLUTE
    ../clib/angel/sys.s                      0x00000000   Number         0  indicate_semi.o ABSOLUTE
    ../clib/angel/sys.s                      0x00000000   Number         0  libspace.o ABSOLUTE
    ../clib/angel/sys.s                      0x00000000   Number         0  sys_stackheap_outer.o ABSOLUTE
    ../clib/angel/sysapp.c                   0x00000000   Number         0  sys_io.o ABSOLUTE
    ../clib/angel/sysapp.c                   0x00000000   Number         0  sys_exit.o ABSOLUTE
    ../clib/angel/sysapp.c                   0x00000000   Number         0  sys_command.o ABSOLUTE
    ../clib/angel/sysapp.c                   0x00000000   Number         0  sys_wrch.o ABSOLUTE
    ../clib/armsys.c                         0x00000000   Number         0  no_argv.o ABSOLUTE
    ../clib/armsys.c                         0x00000000   Number         0  argv_veneer.o ABSOLUTE
    ../clib/armsys.c                         0x00000000   Number         0  _get_argv_nomalloc.o ABSOLUTE
    ../clib/armsys.c                         0x00000000   Number         0  _get_argv.o ABSOLUTE
    ../clib/armsys.c                         0x00000000   Number         0  argv_veneer.o ABSOLUTE
    ../clib/assert.c                         0x00000000   Number         0  assert_stdio.o ABSOLUTE
    ../clib/heap1.c                          0x00000000   Number         0  h1_final_mt.o ABSOLUTE
    ../clib/heap1.c                          0x00000000   Number         0  h1_alloc_mt.o ABSOLUTE
    ../clib/heap1.c                          0x00000000   Number         0  h1_free_mt.o ABSOLUTE
    ../clib/heap1.c                          0x00000000   Number         0  h1_free.o ABSOLUTE
    ../clib/heap1.c                          0x00000000   Number         0  h1_extend.o ABSOLUTE
    ../clib/heap1.c                          0x00000000   Number         0  h1_init.o ABSOLUTE
    ../clib/heap1.c                          0x00000000   Number         0  h1_init_mt.o ABSOLUTE
    ../clib/heap1.c                          0x00000000   Number         0  h1_alloc.o ABSOLUTE
    ../clib/heap1.c                          0x00000000   Number         0  h1_extend_mt.o ABSOLUTE
    ../clib/heap1.c                          0x00000000   Number         0  h1_final.o ABSOLUTE
    ../clib/heap2.c                          0x00000000   Number         0  heap2.o ABSOLUTE
    ../clib/heap2.c                          0x00000000   Number         0  fdtree.o ABSOLUTE
    ../clib/heap2.c                          0x00000000   Number         0  heap2mt.o ABSOLUTE
    ../clib/heapalloc.c                      0x00000000   Number         0  maybetermalloc1.o ABSOLUTE
    ../clib/heapalloc.c                      0x00000000   Number         0  maybetermalloc1.o ABSOLUTE
    ../clib/heapalloc.c                      0x00000000   Number         0  term_alloc.o ABSOLUTE
    ../clib/heapalloc.c                      0x00000000   Number         0  heapstubs.o ABSOLUTE
    ../clib/heapalloc.c                      0x00000000   Number         0  hrguard.o ABSOLUTE
    ../clib/heapalloc.c                      0x00000000   Number         0  maybetermalloc2.o ABSOLUTE
    ../clib/heapalloc.c                      0x00000000   Number         0  malloc.o ABSOLUTE
    ../clib/heapalloc.c                      0x00000000   Number         0  free.o ABSOLUTE
    ../clib/heapalloc.c                      0x00000000   Number         0  hguard.o ABSOLUTE
    ../clib/heapalloc.c                      0x00000000   Number         0  init_alloc.o ABSOLUTE
    ../clib/heapalloc.c                      0x00000000   Number         0  maybetermalloc2.o ABSOLUTE
    ../clib/heapaux.c                        0x00000000   Number         0  heapauxa.o ABSOLUTE
    ../clib/heapaux.c                        0x00000000   Number         0  heapauxi.o ABSOLUTE
    ../clib/libinit.s                        0x00000000   Number         0  libshutdown2.o ABSOLUTE
    ../clib/libinit.s                        0x00000000   Number         0  libinit.o ABSOLUTE
    ../clib/libinit.s                        0x00000000   Number         0  libshutdown.o ABSOLUTE
    ../clib/libinit.s                        0x00000000   Number         0  libinit2.o ABSOLUTE
    ../clib/memcpset.s                       0x00000000   Number         0  rt_memcpy_w.o ABSOLUTE
    ../clib/memcpset.s                       0x00000000   Number         0  rt_memclr_w.o ABSOLUTE
    ../clib/memcpset.s                       0x00000000   Number         0  rt_memcpy_v6.o ABSOLUTE
    ../clib/printf.c                         0x00000000   Number         0  __printf_nopercent.o ABSOLUTE
    ../clib/printf.c                         0x00000000   Number         0  __2printf.o ABSOLUTE
    ../clib/printf.c                         0x00000000   Number         0  _printf_char_file.o ABSOLUTE
    ../clib/printf.c                         0x00000000   Number         0  _printf_char_common.o ABSOLUTE
    ../clib/printf.c                         0x00000000   Number         0  _printf_char_file_locked.o ABSOLUTE
    ../clib/printf.c                         0x00000000   Number         0  noretval__2printf.o ABSOLUTE
    ../clib/signal.c                         0x00000000   Number         0  defsig_general.o ABSOLUTE
    ../clib/signal.c                         0x00000000   Number         0  defsig_fpe_inner.o ABSOLUTE
    ../clib/signal.c                         0x00000000   Number         0  __raise.o ABSOLUTE
    ../clib/signal.c                         0x00000000   Number         0  defsig_rtred_outer.o ABSOLUTE
    ../clib/signal.c                         0x00000000   Number         0  defsig_rtred_formal.o ABSOLUTE
    ../clib/signal.c                         0x00000000   Number         0  defsig_rtmem_formal.o ABSOLUTE
    ../clib/signal.c                         0x00000000   Number         0  defsig_rtmem_inner.o ABSOLUTE
    ../clib/signal.c                         0x00000000   Number         0  defsig_rtmem_outer.o ABSOLUTE
    ../clib/signal.c                         0x00000000   Number         0  defsig_abrt_inner.o ABSOLUTE
    ../clib/signal.c                         0x00000000   Number         0  defsig_stak_inner.o ABSOLUTE
    ../clib/signal.c                         0x00000000   Number         0  defsig_pvfn_inner.o ABSOLUTE
    ../clib/signal.c                         0x00000000   Number         0  defsig_cppl_inner.o ABSOLUTE
    ../clib/signal.c                         0x00000000   Number         0  defsig_segv_inner.o ABSOLUTE
    ../clib/signal.c                         0x00000000   Number         0  defsig_rtred_inner.o ABSOLUTE
    ../clib/signal.c                         0x00000000   Number         0  defsig_exit.o ABSOLUTE
    ../clib/signal.c                         0x00000000   Number         0  defsig_other.o ABSOLUTE
    ../clib/signal.s                         0x00000000   Number         0  defsig.o ABSOLUTE
    ../clib/stdio.c                          0x00000000   Number         0  fflush_locked.o ABSOLUTE
    ../clib/stdio.c                          0x00000000   Number         0  fputs_locked.o ABSOLUTE
    ../clib/stdio.c                          0x00000000   Number         0  ftell.o ABSOLUTE
    ../clib/stdio.c                          0x00000000   Number         0  fputs.o ABSOLUTE
    ../clib/stdio.c                          0x00000000   Number         0  fputc.o ABSOLUTE
    ../clib/stdio.c                          0x00000000   Number         0  ferror.o ABSOLUTE
    ../clib/stdio.c                          0x00000000   Number         0  fputc_locked.o ABSOLUTE
    ../clib/stdio.c                          0x00000000   Number         0  fflush.o ABSOLUTE
    ../clib/stdio.c                          0x00000000   Number         0  streamlock.o ABSOLUTE
    ../clib/stdio.c                          0x00000000   Number         0  fclose.o ABSOLUTE
    ../clib/stdio.c                          0x00000000   Number         0  setvbuf.o ABSOLUTE
    ../clib/stdio.c                          0x00000000   Number         0  fseek.o ABSOLUTE
    ../clib/stdio.c                          0x00000000   Number         0  setvbuf_locked.o ABSOLUTE
    ../clib/stdio.c                          0x00000000   Number         0  stdio_streams.o ABSOLUTE
    ../clib/stdio.c                          0x00000000   Number         0  stdio.o ABSOLUTE
    ../clib/stdio.c                          0x00000000   Number         0  fopen.o ABSOLUTE
    ../clib/stdio.c                          0x00000000   Number         0  initio.o ABSOLUTE
    ../clib/stdio.c                          0x00000000   Number         0  fwritefast_locked.o ABSOLUTE
    ../clib/stdio.c                          0x00000000   Number         0  flsbuf.o ABSOLUTE
    ../clib/stdio.c                          0x00000000   Number         0  ferror_locked.o ABSOLUTE
    ../clib/stdio.c                          0x00000000   Number         0  initio_locked.o ABSOLUTE
    ../clib/stdio.c                          0x00000000   Number         0  fopen_locked.o ABSOLUTE
    ../clib/stdio.c                          0x00000000   Number         0  fwritefast.o ABSOLUTE
    ../clib/stdlib.c                         0x00000000   Number         0  exit.o ABSOLUTE
    ../clib/string.c                         0x00000000   Number         0  strlen.o ABSOLUTE
    ../clib/wchar.c                          0x00000000   Number         0  flsbuf_fwide.o ABSOLUTE
    ../fplib/fpinit.s                        0x00000000   Number         0  fpinit.o ABSOLUTE
    ..\Driver\led\led.c                      0x00000000   Number         0  led.o ABSOLUTE
    ..\Driver\system\delay\delay.c           0x00000000   Number         0  delay.o ABSOLUTE
    ..\Driver\system\sys\sys.c               0x00000000   Number         0  sys.o ABSOLUTE
    ..\STM32L1xx_StdPeriph_Driver\src\misc.c 0x00000000   Number         0  misc.o ABSOLUTE
    ..\STM32L1xx_StdPeriph_Driver\src\stm32l1xx_adc.c 0x00000000   Number         0  stm32l1xx_adc.o ABSOLUTE
    ..\STM32L1xx_StdPeriph_Driver\src\stm32l1xx_aes.c 0x00000000   Number         0  stm32l1xx_aes.o ABSOLUTE
    ..\STM32L1xx_StdPeriph_Driver\src\stm32l1xx_aes_util.c 0x00000000   Number         0  stm32l1xx_aes_util.o ABSOLUTE
    ..\STM32L1xx_StdPeriph_Driver\src\stm32l1xx_comp.c 0x00000000   Number         0  stm32l1xx_comp.o ABSOLUTE
    ..\STM32L1xx_StdPeriph_Driver\src\stm32l1xx_crc.c 0x00000000   Number         0  stm32l1xx_crc.o ABSOLUTE
    ..\STM32L1xx_StdPeriph_Driver\src\stm32l1xx_dac.c 0x00000000   Number         0  stm32l1xx_dac.o ABSOLUTE
    ..\STM32L1xx_StdPeriph_Driver\src\stm32l1xx_dbgmcu.c 0x00000000   Number         0  stm32l1xx_dbgmcu.o ABSOLUTE
    ..\STM32L1xx_StdPeriph_Driver\src\stm32l1xx_dma.c 0x00000000   Number         0  stm32l1xx_dma.o ABSOLUTE
    ..\STM32L1xx_StdPeriph_Driver\src\stm32l1xx_exti.c 0x00000000   Number         0  stm32l1xx_exti.o ABSOLUTE
    ..\STM32L1xx_StdPeriph_Driver\src\stm32l1xx_flash.c 0x00000000   Number         0  stm32l1xx_flash.o ABSOLUTE
    ..\STM32L1xx_StdPeriph_Driver\src\stm32l1xx_fsmc.c 0x00000000   Number         0  stm32l1xx_fsmc.o ABSOLUTE
    ..\STM32L1xx_StdPeriph_Driver\src\stm32l1xx_gpio.c 0x00000000   Number         0  stm32l1xx_gpio.o ABSOLUTE
    ..\STM32L1xx_StdPeriph_Driver\src\stm32l1xx_i2c.c 0x00000000   Number         0  stm32l1xx_i2c.o ABSOLUTE
    ..\STM32L1xx_StdPeriph_Driver\src\stm32l1xx_iwdg.c 0x00000000   Number         0  stm32l1xx_iwdg.o ABSOLUTE
    ..\STM32L1xx_StdPeriph_Driver\src\stm32l1xx_lcd.c 0x00000000   Number         0  stm32l1xx_lcd.o ABSOLUTE
    ..\STM32L1xx_StdPeriph_Driver\src\stm32l1xx_opamp.c 0x00000000   Number         0  stm32l1xx_opamp.o ABSOLUTE
    ..\STM32L1xx_StdPeriph_Driver\src\stm32l1xx_pwr.c 0x00000000   Number         0  stm32l1xx_pwr.o ABSOLUTE
    ..\STM32L1xx_StdPeriph_Driver\src\stm32l1xx_rcc.c 0x00000000   Number         0  stm32l1xx_rcc.o ABSOLUTE
    ..\STM32L1xx_StdPeriph_Driver\src\stm32l1xx_rtc.c 0x00000000   Number         0  stm32l1xx_rtc.o ABSOLUTE
    ..\STM32L1xx_StdPeriph_Driver\src\stm32l1xx_sdio.c 0x00000000   Number         0  stm32l1xx_sdio.o ABSOLUTE
    ..\STM32L1xx_StdPeriph_Driver\src\stm32l1xx_spi.c 0x00000000   Number         0  stm32l1xx_spi.o ABSOLUTE
    ..\STM32L1xx_StdPeriph_Driver\src\stm32l1xx_syscfg.c 0x00000000   Number         0  stm32l1xx_syscfg.o ABSOLUTE
    ..\STM32L1xx_StdPeriph_Driver\src\stm32l1xx_tim.c 0x00000000   Number         0  stm32l1xx_tim.o ABSOLUTE
    ..\STM32L1xx_StdPeriph_Driver\src\stm32l1xx_usart.c 0x00000000   Number         0  stm32l1xx_usart.o ABSOLUTE
    ..\STM32L1xx_StdPeriph_Driver\src\stm32l1xx_wwdg.c 0x00000000   Number         0  stm32l1xx_wwdg.o ABSOLUTE
    ..\\Driver\\led\\led.c                   0x00000000   Number         0  led.o ABSOLUTE
    ..\\Driver\\system\\delay\\delay.c       0x00000000   Number         0  delay.o ABSOLUTE
    ..\\Driver\\system\\sys\\sys.c           0x00000000   Number         0  sys.o ABSOLUTE
    ..\\STM32L1xx_StdPeriph_Driver\\src\\misc.c 0x00000000   Number         0  misc.o ABSOLUTE
    ..\\STM32L1xx_StdPeriph_Driver\\src\\stm32l1xx_adc.c 0x00000000   Number         0  stm32l1xx_adc.o ABSOLUTE
    ..\\STM32L1xx_StdPeriph_Driver\\src\\stm32l1xx_aes.c 0x00000000   Number         0  stm32l1xx_aes.o ABSOLUTE
    ..\\STM32L1xx_StdPeriph_Driver\\src\\stm32l1xx_aes_util.c 0x00000000   Number         0  stm32l1xx_aes_util.o ABSOLUTE
    ..\\STM32L1xx_StdPeriph_Driver\\src\\stm32l1xx_comp.c 0x00000000   Number         0  stm32l1xx_comp.o ABSOLUTE
    ..\\STM32L1xx_StdPeriph_Driver\\src\\stm32l1xx_crc.c 0x00000000   Number         0  stm32l1xx_crc.o ABSOLUTE
    ..\\STM32L1xx_StdPeriph_Driver\\src\\stm32l1xx_dac.c 0x00000000   Number         0  stm32l1xx_dac.o ABSOLUTE
    ..\\STM32L1xx_StdPeriph_Driver\\src\\stm32l1xx_dbgmcu.c 0x00000000   Number         0  stm32l1xx_dbgmcu.o ABSOLUTE
    ..\\STM32L1xx_StdPeriph_Driver\\src\\stm32l1xx_dma.c 0x00000000   Number         0  stm32l1xx_dma.o ABSOLUTE
    ..\\STM32L1xx_StdPeriph_Driver\\src\\stm32l1xx_exti.c 0x00000000   Number         0  stm32l1xx_exti.o ABSOLUTE
    ..\\STM32L1xx_StdPeriph_Driver\\src\\stm32l1xx_flash.c 0x00000000   Number         0  stm32l1xx_flash.o ABSOLUTE
    ..\\STM32L1xx_StdPeriph_Driver\\src\\stm32l1xx_fsmc.c 0x00000000   Number         0  stm32l1xx_fsmc.o ABSOLUTE
    ..\\STM32L1xx_StdPeriph_Driver\\src\\stm32l1xx_gpio.c 0x00000000   Number         0  stm32l1xx_gpio.o ABSOLUTE
    ..\\STM32L1xx_StdPeriph_Driver\\src\\stm32l1xx_i2c.c 0x00000000   Number         0  stm32l1xx_i2c.o ABSOLUTE
    ..\\STM32L1xx_StdPeriph_Driver\\src\\stm32l1xx_iwdg.c 0x00000000   Number         0  stm32l1xx_iwdg.o ABSOLUTE
    ..\\STM32L1xx_StdPeriph_Driver\\src\\stm32l1xx_lcd.c 0x00000000   Number         0  stm32l1xx_lcd.o ABSOLUTE
    ..\\STM32L1xx_StdPeriph_Driver\\src\\stm32l1xx_opamp.c 0x00000000   Number         0  stm32l1xx_opamp.o ABSOLUTE
    ..\\STM32L1xx_StdPeriph_Driver\\src\\stm32l1xx_pwr.c 0x00000000   Number         0  stm32l1xx_pwr.o ABSOLUTE
    ..\\STM32L1xx_StdPeriph_Driver\\src\\stm32l1xx_rcc.c 0x00000000   Number         0  stm32l1xx_rcc.o ABSOLUTE
    ..\\STM32L1xx_StdPeriph_Driver\\src\\stm32l1xx_rtc.c 0x00000000   Number         0  stm32l1xx_rtc.o ABSOLUTE
    ..\\STM32L1xx_StdPeriph_Driver\\src\\stm32l1xx_sdio.c 0x00000000   Number         0  stm32l1xx_sdio.o ABSOLUTE
    ..\\STM32L1xx_StdPeriph_Driver\\src\\stm32l1xx_spi.c 0x00000000   Number         0  stm32l1xx_spi.o ABSOLUTE
    ..\\STM32L1xx_StdPeriph_Driver\\src\\stm32l1xx_syscfg.c 0x00000000   Number         0  stm32l1xx_syscfg.o ABSOLUTE
    ..\\STM32L1xx_StdPeriph_Driver\\src\\stm32l1xx_tim.c 0x00000000   Number         0  stm32l1xx_tim.o ABSOLUTE
    ..\\STM32L1xx_StdPeriph_Driver\\src\\stm32l1xx_usart.c 0x00000000   Number         0  stm32l1xx_usart.o ABSOLUTE
    ..\\STM32L1xx_StdPeriph_Driver\\src\\stm32l1xx_wwdg.c 0x00000000   Number         0  stm32l1xx_wwdg.o ABSOLUTE
    ..\\main\\main.c                         0x00000000   Number         0  main.o ABSOLUTE
    ..\\main\\stm32l1xx_it.c                 0x00000000   Number         0  stm32l1xx_it.o ABSOLUTE
    ..\\main\\system_stm32l1xx.c             0x00000000   Number         0  system_stm32l1xx.o ABSOLUTE
    ..\main\main.c                           0x00000000   Number         0  main.o ABSOLUTE
    ..\main\stm32l1xx_it.c                   0x00000000   Number         0  stm32l1xx_it.o ABSOLUTE
    ..\main\system_stm32l1xx.c               0x00000000   Number         0  system_stm32l1xx.o ABSOLUTE
    dc.s                                     0x00000000   Number         0  dc.o ABSOLUTE
    startup_stm32l1xx_md.s                   0x00000000   Number         0  startup_stm32l1xx_md.o ABSOLUTE
    RESET                                    0x08000000   Section      244  startup_stm32l1xx_md.o(RESET)
    !!!main                                  0x080000f4   Section        8  __main.o(!!!main)
    !!!scatter                               0x080000fc   Section       52  __scatter.o(!!!scatter)
    !!handler_copy                           0x08000130   Section       26  __scatter_copy.o(!!handler_copy)
    !!handler_zi                             0x0800014c   Section       28  __scatter_zi.o(!!handler_zi)
    .ARM.Collect$$libinit$$00000000          0x08000168   Section        2  libinit.o(.ARM.Collect$$libinit$$00000000)
    .ARM.Collect$$libinit$$00000002          0x0800016a   Section        0  libinit2.o(.ARM.Collect$$libinit$$00000002)
    .ARM.Collect$$libinit$$00000003          0x0800016a   Section        8  libinit2.o(.ARM.Collect$$libinit$$00000003)
    .ARM.Collect$$libinit$$00000008          0x08000172   Section        0  libinit2.o(.ARM.Collect$$libinit$$00000008)
    .ARM.Collect$$libinit$$0000000A          0x08000172   Section        0  libinit2.o(.ARM.Collect$$libinit$$0000000A)
    .ARM.Collect$$libinit$$0000000C          0x08000172   Section        0  libinit2.o(.ARM.Collect$$libinit$$0000000C)
    .ARM.Collect$$libinit$$0000000F          0x08000172   Section        0  libinit2.o(.ARM.Collect$$libinit$$0000000F)
    .ARM.Collect$$libinit$$00000011          0x08000172   Section        0  libinit2.o(.ARM.Collect$$libinit$$00000011)
    .ARM.Collect$$libinit$$00000013          0x08000172   Section        0  libinit2.o(.ARM.Collect$$libinit$$00000013)
    .ARM.Collect$$libinit$$00000015          0x08000172   Section        0  libinit2.o(.ARM.Collect$$libinit$$00000015)
    .ARM.Collect$$libinit$$00000017          0x08000172   Section        0  libinit2.o(.ARM.Collect$$libinit$$00000017)
    .ARM.Collect$$libinit$$00000019          0x08000172   Section        0  libinit2.o(.ARM.Collect$$libinit$$00000019)
    .ARM.Collect$$libinit$$0000001B          0x08000172   Section        0  libinit2.o(.ARM.Collect$$libinit$$0000001B)
    .ARM.Collect$$libinit$$0000001D          0x08000172   Section        0  libinit2.o(.ARM.Collect$$libinit$$0000001D)
    .ARM.Collect$$libinit$$0000001F          0x08000172   Section        0  libinit2.o(.ARM.Collect$$libinit$$0000001F)
    .ARM.Collect$$libinit$$00000021          0x08000172   Section        0  libinit2.o(.ARM.Collect$$libinit$$00000021)
    .ARM.Collect$$libinit$$00000022          0x08000172   Section        4  libinit2.o(.ARM.Collect$$libinit$$00000022)
    .ARM.Collect$$libinit$$00000023          0x08000176   Section        0  libinit2.o(.ARM.Collect$$libinit$$00000023)
    .ARM.Collect$$libinit$$0000002A          0x08000176   Section        0  libinit2.o(.ARM.Collect$$libinit$$0000002A)
    .ARM.Collect$$libinit$$0000002C          0x08000176   Section        0  libinit2.o(.ARM.Collect$$libinit$$0000002C)
    .ARM.Collect$$libinit$$0000002E          0x08000176   Section        0  libinit2.o(.ARM.Collect$$libinit$$0000002E)
    .ARM.Collect$$libinit$$00000030          0x08000176   Section        0  libinit2.o(.ARM.Collect$$libinit$$00000030)
    .ARM.Collect$$libinit$$00000031          0x08000176   Section        2  libinit2.o(.ARM.Collect$$libinit$$00000031)
    .ARM.Collect$$libshutdown$$00000000      0x08000178   Section        2  libshutdown.o(.ARM.Collect$$libshutdown$$00000000)
    .ARM.Collect$$libshutdown$$00000002      0x0800017a   Section        4  libshutdown2.o(.ARM.Collect$$libshutdown$$00000002)
    .ARM.Collect$$libshutdown$$00000003      0x0800017e   Section        0  libshutdown2.o(.ARM.Collect$$libshutdown$$00000003)
    .ARM.Collect$$libshutdown$$00000006      0x0800017e   Section        0  libshutdown2.o(.ARM.Collect$$libshutdown$$00000006)
    .ARM.Collect$$libshutdown$$00000009      0x0800017e   Section        0  libshutdown2.o(.ARM.Collect$$libshutdown$$00000009)
    .ARM.Collect$$libshutdown$$0000000B      0x0800017e   Section        0  libshutdown2.o(.ARM.Collect$$libshutdown$$0000000B)
    .ARM.Collect$$libshutdown$$0000000E      0x0800017e   Section        0  libshutdown2.o(.ARM.Collect$$libshutdown$$0000000E)
    .ARM.Collect$$libshutdown$$0000000F      0x0800017e   Section        2  libshutdown2.o(.ARM.Collect$$libshutdown$$0000000F)
    .ARM.Collect$$rtentry$$00000000          0x08000180   Section        0  rtentry.o(.ARM.Collect$$rtentry$$00000000)
    .ARM.Collect$$rtentry$$00000002          0x08000180   Section        0  rtentry2.o(.ARM.Collect$$rtentry$$00000002)
    .ARM.Collect$$rtentry$$00000004          0x08000180   Section        6  rtentry4.o(.ARM.Collect$$rtentry$$00000004)
    .ARM.Collect$$rtentry$$00000009          0x08000186   Section        0  rtentry2.o(.ARM.Collect$$rtentry$$00000009)
    .ARM.Collect$$rtentry$$0000000A          0x08000186   Section        4  rtentry2.o(.ARM.Collect$$rtentry$$0000000A)
    .ARM.Collect$$rtentry$$0000000C          0x0800018a   Section        0  rtentry2.o(.ARM.Collect$$rtentry$$0000000C)
    .ARM.Collect$$rtentry$$0000000D          0x0800018a   Section        8  rtentry2.o(.ARM.Collect$$rtentry$$0000000D)
    .ARM.Collect$$rtexit$$00000000           0x08000192   Section        2  rtexit.o(.ARM.Collect$$rtexit$$00000000)
    .ARM.Collect$$rtexit$$00000002           0x08000194   Section        0  rtexit2.o(.ARM.Collect$$rtexit$$00000002)
    .ARM.Collect$$rtexit$$00000003           0x08000194   Section        4  rtexit2.o(.ARM.Collect$$rtexit$$00000003)
    .ARM.Collect$$rtexit$$00000004           0x08000198   Section        6  rtexit2.o(.ARM.Collect$$rtexit$$00000004)
    .emb_text                                0x080001a0   Section        0  maybetermalloc1.o(.emb_text)
    .text                                    0x080001a0   Section       64  startup_stm32l1xx_md.o(.text)
    .text                                    0x080001e0   Section        0  stm32l1xx_adc.o(.text)
    .text                                    0x08000714   Section        0  stm32l1xx_gpio.o(.text)
    .text                                    0x08000950   Section        0  stm32l1xx_rcc.o(.text)
    .text                                    0x08000de0   Section        0  stm32l1xx_tim.o(.text)
    TI4_Config                               0x08001363   Thumb Code    80  stm32l1xx_tim.o(.text)
    TI3_Config                               0x080013c5   Thumb Code    72  stm32l1xx_tim.o(.text)
    TI2_Config                               0x08001427   Thumb Code    80  stm32l1xx_tim.o(.text)
    TI1_Config                               0x08001489   Thumb Code    58  stm32l1xx_tim.o(.text)
    .text                                    0x080017ec   Section        0  stm32l1xx_usart.o(.text)
    .text                                    0x08001be4   Section        0  main.o(.text)
    .text                                    0x08001d74   Section        0  system_stm32l1xx.o(.text)
    SetSysClock                              0x08001d75   Thumb Code   254  system_stm32l1xx.o(.text)
    .text                                    0x08001fc4   Section        0  stm32l1xx_it.o(.text)
    .text                                    0x08002010   Section        0  delay.o(.text)
    .text                                    0x080020bc   Section        0  noretval__2printf.o(.text)
    .text                                    0x080020d4   Section        0  heapauxi.o(.text)
    .text                                    0x080020dc   Section        0  _printf_char_file.o(.text)
    .text                                    0x08002100   Section        0  _printf_char_common.o(.text)
    _printf_input_char                       0x08002101   Thumb Code    10  _printf_char_common.o(.text)
    .text                                    0x08002130   Section        0  ferror.o(.text)
    .text                                    0x08002138   Section        0  initio.o(.text)
    .text                                    0x08002270   Section        0  sys_io.o(.text)
    .text                                    0x080022d6   Section       74  sys_stackheap_outer.o(.text)
    .text                                    0x08002320   Section        0  h1_free.o(.text)
    .text                                    0x0800236e   Section        0  __printf_nopercent.o(.text)
    .text                                    0x08002394   Section        0  flsbuf.o(.text)
    .text                                    0x08002572   Section        0  setvbuf.o(.text)
    .text                                    0x080025b8   Section        0  fopen.o(.text)
    _freopen_locked                          0x080025b9   Thumb Code     0  fopen.o(.text)
    .text                                    0x080026a4   Section        0  fclose.o(.text)
    .text                                    0x080026f0   Section        0  exit.o(.text)
    .text                                    0x080026fc   Section        0  defsig_rtred_outer.o(.text)
    .text                                    0x0800270a   Section       78  rt_memclr_w.o(.text)
    .text                                    0x08002758   Section        8  libspace.o(.text)
    .text                                    0x08002760   Section        2  use_no_semi.o(.text)
    .text                                    0x08002762   Section        0  indicate_semi.o(.text)
    .text                                    0x08002764   Section        8  rt_heap_descriptor_intlibspace.o(.text)
    .text                                    0x0800276c   Section        0  hguard.o(.text)
    .text                                    0x08002770   Section        0  init_alloc.o(.text)
    .text                                    0x080027fa   Section        0  h1_alloc.o(.text)
    .text                                    0x08002858   Section        0  fseek.o(.text)
    .text                                    0x08002950   Section        0  stdio.o(.text)
    .text                                    0x08002a40   Section        0  defsig_exit.o(.text)
    .text                                    0x08002a4c   Section        0  defsig_rtred_inner.o(.text)
    .text                                    0x08002a80   Section        0  strlen.o(.text)
    .text                                    0x08002ac0   Section        0  sys_exit.o(.text)
    .text                                    0x08002acc   Section        0  h1_init.o(.text)
    .text                                    0x08002ada   Section        0  h1_extend.o(.text)
    .text                                    0x08002b0e   Section        0  ftell.o(.text)
    .text                                    0x08002b54   Section        0  defsig_general.o(.text)
    .text                                    0x08002b86   Section        0  defsig_rtmem_outer.o(.text)
    .text                                    0x08002b94   Section        0  sys_wrch.o(.text)
    .text                                    0x08002ba4   Section        8  rt_errno_addr_intlibspace.o(.text)
    .text                                    0x08002bac   Section        0  defsig_rtmem_inner.o(.text)
    i.fputc                                  0x08002bfc   Section        0  fputc.o(i.fputc)
    .constdata                               0x08002c18   Section       78  main.o(.constdata)
    .constdata                               0x08002c66   Section        4  sys_io.o(.constdata)
    .constdata                               0x08002c6a   Section        4  sys_io.o(.constdata)
    .constdata                               0x08002c6e   Section        4  sys_io.o(.constdata)
    .data                                    0x20000000   Section       25  stm32l1xx_rcc.o(.data)
    PLLMulTable                              0x20000000   Data           9  stm32l1xx_rcc.o(.data)
    APBAHBPrescTable                         0x20000009   Data          16  stm32l1xx_rcc.o(.data)
    .data                                    0x20000019   Section        1  main.o(.data)
    .data                                    0x2000001c   Section       29  system_stm32l1xx.o(.data)
    .data                                    0x2000003a   Section        4  delay.o(.data)
    fac_us                                   0x2000003a   Data           1  delay.o(.data)
    fac_ms                                   0x2000003c   Data           2  delay.o(.data)
    .data                                    0x20000040   Section        4  stdio_streams.o(.data)
    .data                                    0x20000044   Section        4  stdio_streams.o(.data)
    .data                                    0x20000048   Section        4  stdio_streams.o(.data)
    .bss                                     0x2000004c   Section       84  stdio_streams.o(.bss)
    .bss                                     0x200000a0   Section       84  stdio_streams.o(.bss)
    .bss                                     0x200000f4   Section       84  stdio_streams.o(.bss)
    .bss                                     0x20000148   Section       96  libspace.o(.bss)
    HEAP                                     0x200001a8   Section      512  startup_stm32l1xx_md.o(HEAP)
    Heap_Mem                                 0x200001a8   Data         512  startup_stm32l1xx_md.o(HEAP)
    STACK                                    0x200003a8   Section     1024  startup_stm32l1xx_md.o(STACK)
    Stack_Mem                                0x200003a8   Data        1024  startup_stm32l1xx_md.o(STACK)
    __initial_sp                             0x200007a8   Data           0  startup_stm32l1xx_md.o(STACK)

    Global Symbols

    Symbol Name                              Value     Ov Type        Size  Object(Section)

    BuildAttributes$$THM_ISAv4$P$D$K$B$S$PE$A:L22UL41UL21$X:L11$S22US41US21$IEEE1$IW$USESV6$~STKCKD$USESV7$~SHL$OTIME$ROPI$EBA8$UX$STANDARDLIB$REQ8$PRES8$EABIv2 0x00000000   Number         0  anon$$obj.o ABSOLUTE
    __ARM_use_no_argv                        0x00000000   Number         0  main.o ABSOLUTE
    __ARM_exceptions_init                     - Undefined Weak Reference
    __alloca_initialize                       - Undefined Weak Reference
    __cpp_initialize__aeabi_                  - Undefined Weak Reference
    __cxa_finalize                            - Undefined Weak Reference
    __rt_locale                               - Undefined Weak Reference
    __sigvec_lookup                           - Undefined Weak Reference
    __user_heap_extent                        - Undefined Weak Reference
    _atexit_init                              - Undefined Weak Reference
    _call_atexit_fns                          - Undefined Weak Reference
    _clock_init                               - Undefined Weak Reference
    _fp_trap_init                             - Undefined Weak Reference
    _fp_trap_shutdown                         - Undefined Weak Reference
    _get_lc_collate                           - Undefined Weak Reference
    _get_lc_ctype                             - Undefined Weak Reference
    _get_lc_monetary                          - Undefined Weak Reference
    _get_lc_numeric                           - Undefined Weak Reference
    _get_lc_time                              - Undefined Weak Reference
    _getenv_init                              - Undefined Weak Reference
    _handle_redirection                       - Undefined Weak Reference
    _mutex_acquire                            - Undefined Weak Reference
    _mutex_free                               - Undefined Weak Reference
    _mutex_release                            - Undefined Weak Reference
    _rand_init                                - Undefined Weak Reference
    _signal_finish                            - Undefined Weak Reference
    _signal_init                              - Undefined Weak Reference
    __Vectors_Size                           0x000000f4   Number         0  startup_stm32l1xx_md.o ABSOLUTE
    __Vectors                                0x08000000   Data           4  startup_stm32l1xx_md.o(RESET)
    __Vectors_End                            0x080000f4   Data           0  startup_stm32l1xx_md.o(RESET)
    __main                                   0x080000f5   Thumb Code     8  __main.o(!!!main)
    __scatterload                            0x080000fd   Thumb Code     0  __scatter.o(!!!scatter)
    __scatterload_rt2                        0x080000fd   Thumb Code    44  __scatter.o(!!!scatter)
    __scatterload_rt2_thumb_only             0x080000fd   Thumb Code     0  __scatter.o(!!!scatter)
    __scatterload_null                       0x0800010b   Thumb Code     0  __scatter.o(!!!scatter)
    __scatterload_copy                       0x08000131   Thumb Code    26  __scatter_copy.o(!!handler_copy)
    __scatterload_zeroinit                   0x0800014d   Thumb Code    28  __scatter_zi.o(!!handler_zi)
    __rt_lib_init                            0x08000169   Thumb Code     0  libinit.o(.ARM.Collect$$libinit$$00000000)
    __rt_lib_init_fp_1                       0x0800016b   Thumb Code     0  libinit2.o(.ARM.Collect$$libinit$$00000002)
    __rt_lib_init_heap_2                     0x0800016b   Thumb Code     0  libinit2.o(.ARM.Collect$$libinit$$00000003)
    __rt_lib_init_atexit_1                   0x08000173   Thumb Code     0  libinit2.o(.ARM.Collect$$libinit$$00000019)
    __rt_lib_init_clock_1                    0x08000173   Thumb Code     0  libinit2.o(.ARM.Collect$$libinit$$0000001F)
    __rt_lib_init_fp_trap_1                  0x08000173   Thumb Code     0  libinit2.o(.ARM.Collect$$libinit$$0000001D)
    __rt_lib_init_getenv_1                   0x08000173   Thumb Code     0  libinit2.o(.ARM.Collect$$libinit$$00000021)
    __rt_lib_init_heap_1                     0x08000173   Thumb Code     0  libinit2.o(.ARM.Collect$$libinit$$00000008)
    __rt_lib_init_lc_collate_1               0x08000173   Thumb Code     0  libinit2.o(.ARM.Collect$$libinit$$0000000F)
    __rt_lib_init_lc_ctype_1                 0x08000173   Thumb Code     0  libinit2.o(.ARM.Collect$$libinit$$00000011)
    __rt_lib_init_lc_monetary_1              0x08000173   Thumb Code     0  libinit2.o(.ARM.Collect$$libinit$$00000013)
    __rt_lib_init_lc_numeric_1               0x08000173   Thumb Code     0  libinit2.o(.ARM.Collect$$libinit$$00000015)
    __rt_lib_init_lc_time_1                  0x08000173   Thumb Code     0  libinit2.o(.ARM.Collect$$libinit$$00000017)
    __rt_lib_init_rand_1                     0x08000173   Thumb Code     0  libinit2.o(.ARM.Collect$$libinit$$0000000C)
    __rt_lib_init_signal_1                   0x08000173   Thumb Code     0  libinit2.o(.ARM.Collect$$libinit$$0000001B)
    __rt_lib_init_stdio_2                    0x08000173   Thumb Code     0  libinit2.o(.ARM.Collect$$libinit$$00000022)
    __rt_lib_init_user_alloc_1               0x08000173   Thumb Code     0  libinit2.o(.ARM.Collect$$libinit$$0000000A)
    __rt_lib_init_alloca_1                   0x08000177   Thumb Code     0  libinit2.o(.ARM.Collect$$libinit$$0000002C)
    __rt_lib_init_argv_1                     0x08000177   Thumb Code     0  libinit2.o(.ARM.Collect$$libinit$$0000002A)
    __rt_lib_init_cpp_1                      0x08000177   Thumb Code     0  libinit2.o(.ARM.Collect$$libinit$$00000030)
    __rt_lib_init_exceptions_1               0x08000177   Thumb Code     0  libinit2.o(.ARM.Collect$$libinit$$0000002E)
    __rt_lib_init_return                     0x08000177   Thumb Code     0  libinit2.o(.ARM.Collect$$libinit$$00000031)
    __rt_lib_init_stdio_1                    0x08000177   Thumb Code     0  libinit2.o(.ARM.Collect$$libinit$$00000023)
    __rt_lib_shutdown                        0x08000179   Thumb Code     0  libshutdown.o(.ARM.Collect$$libshutdown$$00000000)
    __rt_lib_shutdown_stdio_2                0x0800017b   Thumb Code     0  libshutdown2.o(.ARM.Collect$$libshutdown$$00000002)
    __rt_lib_shutdown_fp_trap_1              0x0800017f   Thumb Code     0  libshutdown2.o(.ARM.Collect$$libshutdown$$00000006)
    __rt_lib_shutdown_heap_1                 0x0800017f   Thumb Code     0  libshutdown2.o(.ARM.Collect$$libshutdown$$0000000E)
    __rt_lib_shutdown_return                 0x0800017f   Thumb Code     0  libshutdown2.o(.ARM.Collect$$libshutdown$$0000000F)
    __rt_lib_shutdown_signal_1               0x0800017f   Thumb Code     0  libshutdown2.o(.ARM.Collect$$libshutdown$$00000009)
    __rt_lib_shutdown_stdio_1                0x0800017f   Thumb Code     0  libshutdown2.o(.ARM.Collect$$libshutdown$$00000003)
    __rt_lib_shutdown_user_alloc_1           0x0800017f   Thumb Code     0  libshutdown2.o(.ARM.Collect$$libshutdown$$0000000B)
    __rt_entry                               0x08000181   Thumb Code     0  rtentry.o(.ARM.Collect$$rtentry$$00000000)
    __rt_entry_presh_1                       0x08000181   Thumb Code     0  rtentry2.o(.ARM.Collect$$rtentry$$00000002)
    __rt_entry_sh                            0x08000181   Thumb Code     0  rtentry4.o(.ARM.Collect$$rtentry$$00000004)
    __rt_entry_li                            0x08000187   Thumb Code     0  rtentry2.o(.ARM.Collect$$rtentry$$0000000A)
    __rt_entry_postsh_1                      0x08000187   Thumb Code     0  rtentry2.o(.ARM.Collect$$rtentry$$00000009)
    __rt_entry_main                          0x0800018b   Thumb Code     0  rtentry2.o(.ARM.Collect$$rtentry$$0000000D)
    __rt_entry_postli_1                      0x0800018b   Thumb Code     0  rtentry2.o(.ARM.Collect$$rtentry$$0000000C)
    __rt_exit                                0x08000193   Thumb Code     0  rtexit.o(.ARM.Collect$$rtexit$$00000000)
    __rt_exit_ls                             0x08000195   Thumb Code     0  rtexit2.o(.ARM.Collect$$rtexit$$00000003)
    __rt_exit_prels_1                        0x08000195   Thumb Code     0  rtexit2.o(.ARM.Collect$$rtexit$$00000002)
    __rt_exit_exit                           0x08000199   Thumb Code     0  rtexit2.o(.ARM.Collect$$rtexit$$00000004)
    Reset_Handler                            0x080001a1   Thumb Code     8  startup_stm32l1xx_md.o(.text)
    _maybe_terminate_alloc                   0x080001a1   Thumb Code     0  maybetermalloc1.o(.emb_text)
    ADC1_IRQHandler                          0x080001bb   Thumb Code     0  startup_stm32l1xx_md.o(.text)
    COMP_IRQHandler                          0x080001bb   Thumb Code     0  startup_stm32l1xx_md.o(.text)
    DAC_IRQHandler                           0x080001bb   Thumb Code     0  startup_stm32l1xx_md.o(.text)
    DMA1_Channel1_IRQHandler                 0x080001bb   Thumb Code     0  startup_stm32l1xx_md.o(.text)
    DMA1_Channel2_IRQHandler                 0x080001bb   Thumb Code     0  startup_stm32l1xx_md.o(.text)
    DMA1_Channel3_IRQHandler                 0x080001bb   Thumb Code     0  startup_stm32l1xx_md.o(.text)
    DMA1_Channel4_IRQHandler                 0x080001bb   Thumb Code     0  startup_stm32l1xx_md.o(.text)
    DMA1_Channel5_IRQHandler                 0x080001bb   Thumb Code     0  startup_stm32l1xx_md.o(.text)
    DMA1_Channel6_IRQHandler                 0x080001bb   Thumb Code     0  startup_stm32l1xx_md.o(.text)
    DMA1_Channel7_IRQHandler                 0x080001bb   Thumb Code     0  startup_stm32l1xx_md.o(.text)
    EXTI0_IRQHandler                         0x080001bb   Thumb Code     0  startup_stm32l1xx_md.o(.text)
    EXTI15_10_IRQHandler                     0x080001bb   Thumb Code     0  startup_stm32l1xx_md.o(.text)
    EXTI1_IRQHandler                         0x080001bb   Thumb Code     0  startup_stm32l1xx_md.o(.text)
    EXTI2_IRQHandler                         0x080001bb   Thumb Code     0  startup_stm32l1xx_md.o(.text)
    EXTI3_IRQHandler                         0x080001bb   Thumb Code     0  startup_stm32l1xx_md.o(.text)
    EXTI4_IRQHandler                         0x080001bb   Thumb Code     0  startup_stm32l1xx_md.o(.text)
    EXTI9_5_IRQHandler                       0x080001bb   Thumb Code     0  startup_stm32l1xx_md.o(.text)
    FLASH_IRQHandler                         0x080001bb   Thumb Code     0  startup_stm32l1xx_md.o(.text)
    I2C1_ER_IRQHandler                       0x080001bb   Thumb Code     0  startup_stm32l1xx_md.o(.text)
    I2C1_EV_IRQHandler                       0x080001bb   Thumb Code     0  startup_stm32l1xx_md.o(.text)
    I2C2_ER_IRQHandler                       0x080001bb   Thumb Code     0  startup_stm32l1xx_md.o(.text)
    I2C2_EV_IRQHandler                       0x080001bb   Thumb Code     0  startup_stm32l1xx_md.o(.text)
    LCD_IRQHandler                           0x080001bb   Thumb Code     0  startup_stm32l1xx_md.o(.text)
    PVD_IRQHandler                           0x080001bb   Thumb Code     0  startup_stm32l1xx_md.o(.text)
    RCC_IRQHandler                           0x080001bb   Thumb Code     0  startup_stm32l1xx_md.o(.text)
    RTC_Alarm_IRQHandler                     0x080001bb   Thumb Code     0  startup_stm32l1xx_md.o(.text)
    RTC_WKUP_IRQHandler                      0x080001bb   Thumb Code     0  startup_stm32l1xx_md.o(.text)
    SPI1_IRQHandler                          0x080001bb   Thumb Code     0  startup_stm32l1xx_md.o(.text)
    SPI2_IRQHandler                          0x080001bb   Thumb Code     0  startup_stm32l1xx_md.o(.text)
    TAMPER_STAMP_IRQHandler                  0x080001bb   Thumb Code     0  startup_stm32l1xx_md.o(.text)
    TIM10_IRQHandler                         0x080001bb   Thumb Code     0  startup_stm32l1xx_md.o(.text)
    TIM11_IRQHandler                         0x080001bb   Thumb Code     0  startup_stm32l1xx_md.o(.text)
    TIM3_IRQHandler                          0x080001bb   Thumb Code     0  startup_stm32l1xx_md.o(.text)
    TIM4_IRQHandler                          0x080001bb   Thumb Code     0  startup_stm32l1xx_md.o(.text)
    TIM6_IRQHandler                          0x080001bb   Thumb Code     0  startup_stm32l1xx_md.o(.text)
    TIM7_IRQHandler                          0x080001bb   Thumb Code     0  startup_stm32l1xx_md.o(.text)
    TIM9_IRQHandler                          0x080001bb   Thumb Code     0  startup_stm32l1xx_md.o(.text)
    USART1_IRQHandler                        0x080001bb   Thumb Code     0  startup_stm32l1xx_md.o(.text)
    USART2_IRQHandler                        0x080001bb   Thumb Code     0  startup_stm32l1xx_md.o(.text)
    USART3_IRQHandler                        0x080001bb   Thumb Code     0  startup_stm32l1xx_md.o(.text)
    USB_FS_WKUP_IRQHandler                   0x080001bb   Thumb Code     0  startup_stm32l1xx_md.o(.text)
    USB_HP_IRQHandler                        0x080001bb   Thumb Code     0  startup_stm32l1xx_md.o(.text)
    USB_LP_IRQHandler                        0x080001bb   Thumb Code     0  startup_stm32l1xx_md.o(.text)
    WWDG_IRQHandler                          0x080001bb   Thumb Code     0  startup_stm32l1xx_md.o(.text)
    __user_initial_stackheap                 0x080001bd   Thumb Code     0  startup_stm32l1xx_md.o(.text)
    ADC_DeInit                               0x080001e1   Thumb Code    28  stm32l1xx_adc.o(.text)
    ADC_Init                                 0x080001fd   Thumb Code    74  stm32l1xx_adc.o(.text)
    ADC_StructInit                           0x08000247   Thumb Code    26  stm32l1xx_adc.o(.text)
    ADC_CommonInit                           0x08000261   Thumb Code    22  stm32l1xx_adc.o(.text)
    ADC_CommonStructInit                     0x08000277   Thumb Code     6  stm32l1xx_adc.o(.text)
    ADC_Cmd                                  0x0800027d   Thumb Code    22  stm32l1xx_adc.o(.text)
    ADC_BankSelection                        0x08000293   Thumb Code    22  stm32l1xx_adc.o(.text)
    ADC_PowerDownCmd                         0x080002a9   Thumb Code    18  stm32l1xx_adc.o(.text)
    ADC_DelaySelectionConfig                 0x080002bb   Thumb Code    16  stm32l1xx_adc.o(.text)
    ADC_AnalogWatchdogCmd                    0x080002cb   Thumb Code    16  stm32l1xx_adc.o(.text)
    ADC_AnalogWatchdogThresholdsConfig       0x080002db   Thumb Code     6  stm32l1xx_adc.o(.text)
    ADC_AnalogWatchdogSingleChannelConfig    0x080002e1   Thumb Code    16  stm32l1xx_adc.o(.text)
    ADC_TempSensorVrefintCmd                 0x080002f1   Thumb Code    30  stm32l1xx_adc.o(.text)
    ADC_RegularChannelConfig                 0x0800030f   Thumb Code   344  stm32l1xx_adc.o(.text)
    ADC_SoftwareStartConv                    0x08000467   Thumb Code    10  stm32l1xx_adc.o(.text)
    ADC_GetSoftwareStartConvStatus           0x08000471   Thumb Code    20  stm32l1xx_adc.o(.text)
    ADC_EOCOnEachRegularChannelCmd           0x08000485   Thumb Code    22  stm32l1xx_adc.o(.text)
    ADC_ContinuousModeCmd                    0x0800049b   Thumb Code    22  stm32l1xx_adc.o(.text)
    ADC_DiscModeChannelCountConfig           0x080004b1   Thumb Code    24  stm32l1xx_adc.o(.text)
    ADC_DiscModeCmd                          0x080004c9   Thumb Code    22  stm32l1xx_adc.o(.text)
    ADC_GetConversionValue                   0x080004df   Thumb Code     8  stm32l1xx_adc.o(.text)
    ADC_DMACmd                               0x080004e7   Thumb Code    22  stm32l1xx_adc.o(.text)
    ADC_DMARequestAfterLastTransferCmd       0x080004fd   Thumb Code    22  stm32l1xx_adc.o(.text)
    ADC_InjectedChannelConfig                0x08000513   Thumb Code   232  stm32l1xx_adc.o(.text)
    ADC_InjectedSequencerLengthConfig        0x080005fb   Thumb Code    24  stm32l1xx_adc.o(.text)
    ADC_SetInjectedOffset                    0x08000613   Thumb Code    20  stm32l1xx_adc.o(.text)
    ADC_ExternalTrigInjectedConvConfig       0x08000627   Thumb Code    16  stm32l1xx_adc.o(.text)
    ADC_ExternalTrigInjectedConvEdgeConfig   0x08000637   Thumb Code    16  stm32l1xx_adc.o(.text)
    ADC_SoftwareStartInjectedConv            0x08000647   Thumb Code    10  stm32l1xx_adc.o(.text)
    ADC_GetSoftwareStartInjectedConvCmdStatus 0x08000651   Thumb Code    20  stm32l1xx_adc.o(.text)
    ADC_AutoInjectedConvCmd                  0x08000665   Thumb Code    22  stm32l1xx_adc.o(.text)
    ADC_InjectedDiscModeCmd                  0x0800067b   Thumb Code    22  stm32l1xx_adc.o(.text)
    ADC_GetInjectedConversionValue           0x08000691   Thumb Code    28  stm32l1xx_adc.o(.text)
    ADC_ITConfig                             0x080006ad   Thumb Code    32  stm32l1xx_adc.o(.text)
    ADC_GetFlagStatus                        0x080006cd   Thumb Code    18  stm32l1xx_adc.o(.text)
    ADC_ClearFlag                            0x080006df   Thumb Code     6  stm32l1xx_adc.o(.text)
    ADC_GetITStatus                          0x080006e5   Thumb Code    38  stm32l1xx_adc.o(.text)
    ADC_ClearITPendingBit                    0x0800070b   Thumb Code    10  stm32l1xx_adc.o(.text)
    GPIO_DeInit                              0x08000715   Thumb Code   196  stm32l1xx_gpio.o(.text)
    GPIO_Init                                0x080007d9   Thumb Code   144  stm32l1xx_gpio.o(.text)
    GPIO_StructInit                          0x08000869   Thumb Code    18  stm32l1xx_gpio.o(.text)
    GPIO_PinLockConfig                       0x0800087b   Thumb Code    34  stm32l1xx_gpio.o(.text)
    GPIO_ReadInputDataBit                    0x0800089d   Thumb Code    18  stm32l1xx_gpio.o(.text)
    GPIO_ReadInputData                       0x080008af   Thumb Code     6  stm32l1xx_gpio.o(.text)
    GPIO_ReadOutputDataBit                   0x080008b5   Thumb Code    18  stm32l1xx_gpio.o(.text)
    GPIO_ReadOutputData                      0x080008c7   Thumb Code     6  stm32l1xx_gpio.o(.text)
    GPIO_SetBits                             0x080008cd   Thumb Code     4  stm32l1xx_gpio.o(.text)
    GPIO_ResetBits                           0x080008d1   Thumb Code     4  stm32l1xx_gpio.o(.text)
    GPIO_WriteBit                            0x080008d5   Thumb Code    10  stm32l1xx_gpio.o(.text)
    GPIO_Write                               0x080008df   Thumb Code     4  stm32l1xx_gpio.o(.text)
    GPIO_ToggleBits                          0x080008e3   Thumb Code     8  stm32l1xx_gpio.o(.text)
    GPIO_PinAFConfig                         0x080008eb   Thumb Code    70  stm32l1xx_gpio.o(.text)
    RCC_DeInit                               0x08000951   Thumb Code    74  stm32l1xx_rcc.o(.text)
    RCC_HSEConfig                            0x0800099b   Thumb Code    14  stm32l1xx_rcc.o(.text)
    RCC_GetFlagStatus                        0x080009a9   Thumb Code    48  stm32l1xx_rcc.o(.text)
    RCC_WaitForHSEStartUp                    0x080009d9   Thumb Code    56  stm32l1xx_rcc.o(.text)
    RCC_AdjustMSICalibrationValue            0x08000a11   Thumb Code     8  stm32l1xx_rcc.o(.text)
    RCC_MSIRangeConfig                       0x08000a19   Thumb Code    20  stm32l1xx_rcc.o(.text)
    RCC_MSICmd                               0x08000a2d   Thumb Code     6  stm32l1xx_rcc.o(.text)
    RCC_AdjustHSICalibrationValue            0x08000a33   Thumb Code    22  stm32l1xx_rcc.o(.text)
    RCC_HSICmd                               0x08000a49   Thumb Code     6  stm32l1xx_rcc.o(.text)
    RCC_LSEConfig                            0x08000a4f   Thumb Code    14  stm32l1xx_rcc.o(.text)
    RCC_LSICmd                               0x08000a5d   Thumb Code     6  stm32l1xx_rcc.o(.text)
    RCC_PLLConfig                            0x08000a63   Thumb Code    16  stm32l1xx_rcc.o(.text)
    RCC_PLLCmd                               0x08000a73   Thumb Code     6  stm32l1xx_rcc.o(.text)
    RCC_ClockSecuritySystemCmd               0x08000a79   Thumb Code     6  stm32l1xx_rcc.o(.text)
    RCC_LSEClockSecuritySystemCmd            0x08000a7f   Thumb Code     8  stm32l1xx_rcc.o(.text)
    RCC_MCOConfig                            0x08000a87   Thumb Code    12  stm32l1xx_rcc.o(.text)
    RCC_SYSCLKConfig                         0x08000a93   Thumb Code    20  stm32l1xx_rcc.o(.text)
    RCC_GetSYSCLKSource                      0x08000aa7   Thumb Code    12  stm32l1xx_rcc.o(.text)
    RCC_HCLKConfig                           0x08000ab3   Thumb Code    20  stm32l1xx_rcc.o(.text)
    RCC_PCLK1Config                          0x08000ac7   Thumb Code    20  stm32l1xx_rcc.o(.text)
    RCC_PCLK2Config                          0x08000adb   Thumb Code    22  stm32l1xx_rcc.o(.text)
    RCC_GetClocksFreq                        0x08000af1   Thumb Code   248  stm32l1xx_rcc.o(.text)
    RCC_RTCCLKConfig                         0x08000be9   Thumb Code    64  stm32l1xx_rcc.o(.text)
    RCC_RTCCLKCmd                            0x08000c29   Thumb Code     8  stm32l1xx_rcc.o(.text)
    RCC_RTCResetCmd                          0x08000c31   Thumb Code     8  stm32l1xx_rcc.o(.text)
    RCC_AHBPeriphClockCmd                    0x08000c39   Thumb Code    34  stm32l1xx_rcc.o(.text)
    RCC_APB2PeriphClockCmd                   0x08000c5b   Thumb Code    34  stm32l1xx_rcc.o(.text)
    RCC_APB1PeriphClockCmd                   0x08000c7d   Thumb Code    34  stm32l1xx_rcc.o(.text)
    RCC_AHBPeriphResetCmd                    0x08000c9f   Thumb Code    34  stm32l1xx_rcc.o(.text)
    RCC_APB2PeriphResetCmd                   0x08000cc1   Thumb Code    34  stm32l1xx_rcc.o(.text)
    RCC_APB1PeriphResetCmd                   0x08000ce3   Thumb Code    34  stm32l1xx_rcc.o(.text)
    RCC_AHBPeriphClockLPModeCmd              0x08000d05   Thumb Code    34  stm32l1xx_rcc.o(.text)
    RCC_APB2PeriphClockLPModeCmd             0x08000d27   Thumb Code    66  stm32l1xx_rcc.o(.text)
    RCC_APB1PeriphClockLPModeCmd             0x08000d69   Thumb Code    34  stm32l1xx_rcc.o(.text)
    RCC_ITConfig                             0x08000d8b   Thumb Code    34  stm32l1xx_rcc.o(.text)
    RCC_ClearFlag                            0x08000dad   Thumb Code    18  stm32l1xx_rcc.o(.text)
    RCC_GetITStatus                          0x08000dbf   Thumb Code    22  stm32l1xx_rcc.o(.text)
    RCC_ClearITPendingBit                    0x08000dd5   Thumb Code     8  stm32l1xx_rcc.o(.text)
    TIM_DeInit                               0x08000de1   Thumb Code   220  stm32l1xx_tim.o(.text)
    TIM_TimeBaseInit                         0x08000ebd   Thumb Code    76  stm32l1xx_tim.o(.text)
    TIM_TimeBaseStructInit                   0x08000f09   Thumb Code    16  stm32l1xx_tim.o(.text)
    TIM_PrescalerConfig                      0x08000f19   Thumb Code     6  stm32l1xx_tim.o(.text)
    TIM_CounterModeConfig                    0x08000f1f   Thumb Code    18  stm32l1xx_tim.o(.text)
    TIM_SetCounter                           0x08000f31   Thumb Code     4  stm32l1xx_tim.o(.text)
    TIM_SetAutoreload                        0x08000f35   Thumb Code     4  stm32l1xx_tim.o(.text)
    TIM_GetCounter                           0x08000f39   Thumb Code     6  stm32l1xx_tim.o(.text)
    TIM_GetPrescaler                         0x08000f3f   Thumb Code     6  stm32l1xx_tim.o(.text)
    TIM_UpdateDisableConfig                  0x08000f45   Thumb Code    24  stm32l1xx_tim.o(.text)
    TIM_UpdateRequestConfig                  0x08000f5d   Thumb Code    24  stm32l1xx_tim.o(.text)
    TIM_ARRPreloadConfig                     0x08000f75   Thumb Code    24  stm32l1xx_tim.o(.text)
    TIM_SelectOnePulseMode                   0x08000f8d   Thumb Code    18  stm32l1xx_tim.o(.text)
    TIM_SetClockDivision                     0x08000f9f   Thumb Code    18  stm32l1xx_tim.o(.text)
    TIM_Cmd                                  0x08000fb1   Thumb Code    24  stm32l1xx_tim.o(.text)
    TIM_OC1Init                              0x08000fc9   Thumb Code    56  stm32l1xx_tim.o(.text)
    TIM_OC2Init                              0x08001001   Thumb Code    70  stm32l1xx_tim.o(.text)
    TIM_OC3Init                              0x08001047   Thumb Code    66  stm32l1xx_tim.o(.text)
    TIM_OC4Init                              0x08001089   Thumb Code    70  stm32l1xx_tim.o(.text)
    TIM_OCStructInit                         0x080010cf   Thumb Code    12  stm32l1xx_tim.o(.text)
    TIM_SelectOCxM                           0x080010db   Thumb Code    82  stm32l1xx_tim.o(.text)
    TIM_SetCompare1                          0x0800112d   Thumb Code     4  stm32l1xx_tim.o(.text)
    TIM_SetCompare2                          0x08001131   Thumb Code     4  stm32l1xx_tim.o(.text)
    TIM_SetCompare3                          0x08001135   Thumb Code     4  stm32l1xx_tim.o(.text)
    TIM_SetCompare4                          0x08001139   Thumb Code     4  stm32l1xx_tim.o(.text)
    TIM_ForcedOC1Config                      0x0800113d   Thumb Code    18  stm32l1xx_tim.o(.text)
    TIM_ForcedOC2Config                      0x0800114f   Thumb Code    26  stm32l1xx_tim.o(.text)
    TIM_ForcedOC3Config                      0x08001169   Thumb Code    18  stm32l1xx_tim.o(.text)
    TIM_ForcedOC4Config                      0x0800117b   Thumb Code    26  stm32l1xx_tim.o(.text)
    TIM_OC1PreloadConfig                     0x08001195   Thumb Code    18  stm32l1xx_tim.o(.text)
    TIM_OC2PreloadConfig                     0x080011a7   Thumb Code    26  stm32l1xx_tim.o(.text)
    TIM_OC3PreloadConfig                     0x080011c1   Thumb Code    18  stm32l1xx_tim.o(.text)
    TIM_OC4PreloadConfig                     0x080011d3   Thumb Code    58  stm32l1xx_tim.o(.text)
    TIM_OC1FastConfig                        0x0800120d   Thumb Code    18  stm32l1xx_tim.o(.text)
    TIM_OC2FastConfig                        0x0800121f   Thumb Code    26  stm32l1xx_tim.o(.text)
    TIM_OC3FastConfig                        0x08001239   Thumb Code    18  stm32l1xx_tim.o(.text)
    TIM_OC4FastConfig                        0x0800124b   Thumb Code    26  stm32l1xx_tim.o(.text)
    TIM_ClearOC1Ref                          0x08001265   Thumb Code    18  stm32l1xx_tim.o(.text)
    TIM_ClearOC2Ref                          0x08001277   Thumb Code    24  stm32l1xx_tim.o(.text)
    TIM_ClearOC3Ref                          0x0800128f   Thumb Code    18  stm32l1xx_tim.o(.text)
    TIM_ClearOC4Ref                          0x080012a1   Thumb Code    24  stm32l1xx_tim.o(.text)
    TIM_OC1PolarityConfig                    0x080012b9   Thumb Code    18  stm32l1xx_tim.o(.text)
    TIM_OC2PolarityConfig                    0x080012cb   Thumb Code    26  stm32l1xx_tim.o(.text)
    TIM_OC3PolarityConfig                    0x080012e5   Thumb Code    26  stm32l1xx_tim.o(.text)
    TIM_OC4PolarityConfig                    0x080012ff   Thumb Code    26  stm32l1xx_tim.o(.text)
    TIM_SelectOCREFClear                     0x08001319   Thumb Code    18  stm32l1xx_tim.o(.text)
    TIM_CCxCmd                               0x0800132b   Thumb Code    30  stm32l1xx_tim.o(.text)
    TIM_SetIC4Prescaler                      0x08001349   Thumb Code    26  stm32l1xx_tim.o(.text)
    TIM_SetIC3Prescaler                      0x080013b3   Thumb Code    18  stm32l1xx_tim.o(.text)
    TIM_SetIC2Prescaler                      0x0800140d   Thumb Code    26  stm32l1xx_tim.o(.text)
    TIM_SetIC1Prescaler                      0x08001477   Thumb Code    18  stm32l1xx_tim.o(.text)
    TIM_ICInit                               0x080014c3   Thumb Code   110  stm32l1xx_tim.o(.text)
    TIM_ICStructInit                         0x08001531   Thumb Code    18  stm32l1xx_tim.o(.text)
    TIM_PWMIConfig                           0x08001543   Thumb Code   124  stm32l1xx_tim.o(.text)
    TIM_GetCapture1                          0x080015bf   Thumb Code     6  stm32l1xx_tim.o(.text)
    TIM_GetCapture2                          0x080015c5   Thumb Code     6  stm32l1xx_tim.o(.text)
    TIM_GetCapture3                          0x080015cb   Thumb Code     6  stm32l1xx_tim.o(.text)
    TIM_GetCapture4                          0x080015d1   Thumb Code     6  stm32l1xx_tim.o(.text)
    TIM_ITConfig                             0x080015d7   Thumb Code    18  stm32l1xx_tim.o(.text)
    TIM_GenerateEvent                        0x080015e9   Thumb Code     4  stm32l1xx_tim.o(.text)
    TIM_GetFlagStatus                        0x080015ed   Thumb Code    18  stm32l1xx_tim.o(.text)
    TIM_ClearFlag                            0x080015ff   Thumb Code     6  stm32l1xx_tim.o(.text)
    TIM_GetITStatus                          0x08001605   Thumb Code    34  stm32l1xx_tim.o(.text)
    TIM_ClearITPendingBit                    0x08001627   Thumb Code     6  stm32l1xx_tim.o(.text)
    TIM_DMAConfig                            0x0800162d   Thumb Code    10  stm32l1xx_tim.o(.text)
    TIM_DMACmd                               0x08001637   Thumb Code    18  stm32l1xx_tim.o(.text)
    TIM_SelectCCDMA                          0x08001649   Thumb Code    24  stm32l1xx_tim.o(.text)
    TIM_InternalClockConfig                  0x08001661   Thumb Code    12  stm32l1xx_tim.o(.text)
    TIM_SelectInputTrigger                   0x0800166d   Thumb Code    18  stm32l1xx_tim.o(.text)
    TIM_ITRxExternalClockConfig              0x0800167f   Thumb Code    24  stm32l1xx_tim.o(.text)
    TIM_TIxExternalClockConfig               0x08001697   Thumb Code    62  stm32l1xx_tim.o(.text)
    TIM_ETRConfig                            0x080016d5   Thumb Code    28  stm32l1xx_tim.o(.text)
    TIM_ETRClockMode1Config                  0x080016f1   Thumb Code    54  stm32l1xx_tim.o(.text)
    TIM_ETRClockMode2Config                  0x08001727   Thumb Code    32  stm32l1xx_tim.o(.text)
    TIM_SelectOutputTrigger                  0x08001747   Thumb Code    18  stm32l1xx_tim.o(.text)
    TIM_SelectSlaveMode                      0x08001759   Thumb Code    18  stm32l1xx_tim.o(.text)
    TIM_SelectMasterSlaveMode                0x0800176b   Thumb Code    18  stm32l1xx_tim.o(.text)
    TIM_EncoderInterfaceConfig               0x0800177d   Thumb Code    66  stm32l1xx_tim.o(.text)
    TIM_SelectHallSensor                     0x080017bf   Thumb Code    24  stm32l1xx_tim.o(.text)
    TIM_RemapConfig                          0x080017d7   Thumb Code    22  stm32l1xx_tim.o(.text)
    USART_DeInit                             0x080017ed   Thumb Code   134  stm32l1xx_usart.o(.text)
    USART_Init                               0x08001873   Thumb Code   198  stm32l1xx_usart.o(.text)
    USART_StructInit                         0x08001939   Thumb Code    24  stm32l1xx_usart.o(.text)
    USART_ClockInit                          0x08001951   Thumb Code    32  stm32l1xx_usart.o(.text)
    USART_ClockStructInit                    0x08001971   Thumb Code    12  stm32l1xx_usart.o(.text)
    USART_Cmd                                0x0800197d   Thumb Code    24  stm32l1xx_usart.o(.text)
    USART_SetPrescaler                       0x08001995   Thumb Code    16  stm32l1xx_usart.o(.text)
    USART_OverSampling8Cmd                   0x080019a5   Thumb Code    22  stm32l1xx_usart.o(.text)
    USART_OneBitMethodCmd                    0x080019bb   Thumb Code    24  stm32l1xx_usart.o(.text)
    USART_SendData                           0x080019d3   Thumb Code     8  stm32l1xx_usart.o(.text)
    USART_ReceiveData                        0x080019db   Thumb Code    10  stm32l1xx_usart.o(.text)
    USART_SetAddress                         0x080019e5   Thumb Code    18  stm32l1xx_usart.o(.text)
    USART_ReceiverWakeUpCmd                  0x080019f7   Thumb Code    24  stm32l1xx_usart.o(.text)
    USART_WakeUpConfig                       0x08001a0f   Thumb Code    18  stm32l1xx_usart.o(.text)
    USART_LINBreakDetectLengthConfig         0x08001a21   Thumb Code    18  stm32l1xx_usart.o(.text)
    USART_LINCmd                             0x08001a33   Thumb Code    24  stm32l1xx_usart.o(.text)
    USART_SendBreak                          0x08001a4b   Thumb Code    10  stm32l1xx_usart.o(.text)
    USART_HalfDuplexCmd                      0x08001a55   Thumb Code    24  stm32l1xx_usart.o(.text)
    USART_SetGuardTime                       0x08001a6d   Thumb Code    16  stm32l1xx_usart.o(.text)
    USART_SmartCardCmd                       0x08001a7d   Thumb Code    24  stm32l1xx_usart.o(.text)
    USART_SmartCardNACKCmd                   0x08001a95   Thumb Code    24  stm32l1xx_usart.o(.text)
    USART_IrDAConfig                         0x08001aad   Thumb Code    18  stm32l1xx_usart.o(.text)
    USART_IrDACmd                            0x08001abf   Thumb Code    24  stm32l1xx_usart.o(.text)
    USART_DMACmd                             0x08001ad7   Thumb Code    18  stm32l1xx_usart.o(.text)
    USART_ITConfig                           0x08001ae9   Thumb Code    74  stm32l1xx_usart.o(.text)
    USART_GetFlagStatus                      0x08001b33   Thumb Code    26  stm32l1xx_usart.o(.text)
    USART_ClearFlag                          0x08001b4d   Thumb Code    18  stm32l1xx_usart.o(.text)
    USART_GetITStatus                        0x08001b5f   Thumb Code    84  stm32l1xx_usart.o(.text)
    USART_ClearITPendingBit                  0x08001bb3   Thumb Code    50  stm32l1xx_usart.o(.text)
    Get_Adc                                  0x08001be5   Thumb Code    44  main.o(.text)
    Get_Adc_Average                          0x08001c11   Thumb Code    46  main.o(.text)
    main                                     0x08001c3f   Thumb Code   288  main.o(.text)
    SystemInit                               0x08001e73   Thumb Code    88  system_stm32l1xx.o(.text)
    SystemCoreClockUpdate                    0x08001ecb   Thumb Code   204  system_stm32l1xx.o(.text)
    NMI_Handler                              0x08001fc5   Thumb Code     2  stm32l1xx_it.o(.text)
    HardFault_Handler                        0x08001fc7   Thumb Code     4  stm32l1xx_it.o(.text)
    MemManage_Handler                        0x08001fcb   Thumb Code     4  stm32l1xx_it.o(.text)
    BusFault_Handler                         0x08001fcf   Thumb Code     4  stm32l1xx_it.o(.text)
    UsageFault_Handler                       0x08001fd3   Thumb Code     4  stm32l1xx_it.o(.text)
    DebugMon_Handler                         0x08001fd7   Thumb Code     2  stm32l1xx_it.o(.text)
    SVC_Handler                              0x08001fd9   Thumb Code     2  stm32l1xx_it.o(.text)
    PendSV_Handler                           0x08001fdb   Thumb Code     2  stm32l1xx_it.o(.text)
    SysTick_Handler                          0x08001fdd   Thumb Code     2  stm32l1xx_it.o(.text)
    TIM2_IRQHandler                          0x08001fdf   Thumb Code    44  stm32l1xx_it.o(.text)
    delay_init                               0x08002011   Thumb Code    56  delay.o(.text)
    delay_us                                 0x08002049   Thumb Code    54  delay.o(.text)
    delay_ms                                 0x0800207f   Thumb Code    54  delay.o(.text)
    __2printf                                0x080020bd   Thumb Code    20  noretval__2printf.o(.text)
    __use_two_region_memory                  0x080020d5   Thumb Code     2  heapauxi.o(.text)
    __rt_heap_escrow                         0x080020d7   Thumb Code     2  heapauxi.o(.text)
    __rt_heap_expand                         0x080020d9   Thumb Code     2  heapauxi.o(.text)
    _printf_char_file                        0x080020dd   Thumb Code    32  _printf_char_file.o(.text)
    _printf_char_common                      0x0800210b   Thumb Code    32  _printf_char_common.o(.text)
    ferror                                   0x08002131   Thumb Code     8  ferror.o(.text)
    _initio                                  0x08002139   Thumb Code   210  initio.o(.text)
    _terminateio                             0x0800220b   Thumb Code    56  initio.o(.text)
    _sys_open                                0x08002271   Thumb Code    20  sys_io.o(.text)
    _sys_close                               0x08002285   Thumb Code    12  sys_io.o(.text)
    _sys_write                               0x08002291   Thumb Code    16  sys_io.o(.text)
    _sys_read                                0x080022a1   Thumb Code    14  sys_io.o(.text)
    _sys_istty                               0x080022af   Thumb Code    12  sys_io.o(.text)
    _sys_seek                                0x080022bb   Thumb Code    14  sys_io.o(.text)
    _sys_ensure                              0x080022c9   Thumb Code     2  sys_io.o(.text)
    _sys_flen                                0x080022cb   Thumb Code    12  sys_io.o(.text)
    __user_setup_stackheap                   0x080022d7   Thumb Code    74  sys_stackheap_outer.o(.text)
    free                                     0x08002321   Thumb Code    78  h1_free.o(.text)
    __printf                                 0x0800236f   Thumb Code    38  __printf_nopercent.o(.text)
    __flsbuf                                 0x08002395   Thumb Code   478  flsbuf.o(.text)
    __flsbuf_byte                            0x08002395   Thumb Code     0  flsbuf.o(.text)
    __flsbuf_wide                            0x08002395   Thumb Code     0  flsbuf.o(.text)
    setvbuf                                  0x08002573   Thumb Code    70  setvbuf.o(.text)
    freopen                                  0x080025b9   Thumb Code   158  fopen.o(.text)
    fopen                                    0x08002657   Thumb Code    74  fopen.o(.text)
    _fclose_internal                         0x080026a5   Thumb Code    76  fclose.o(.text)
    fclose                                   0x080026a5   Thumb Code     0  fclose.o(.text)
    exit                                     0x080026f1   Thumb Code    12  exit.o(.text)
    __rt_SIGRTRED                            0x080026fd   Thumb Code    14  defsig_rtred_outer.o(.text)
    __aeabi_memclr4                          0x0800270b   Thumb Code     0  rt_memclr_w.o(.text)
    __aeabi_memclr8                          0x0800270b   Thumb Code     0  rt_memclr_w.o(.text)
    __rt_memclr_w                            0x0800270b   Thumb Code    78  rt_memclr_w.o(.text)
    _memset_w                                0x0800270f   Thumb Code     0  rt_memclr_w.o(.text)
    __user_libspace                          0x08002759   Thumb Code     8  libspace.o(.text)
    __user_perproc_libspace                  0x08002759   Thumb Code     0  libspace.o(.text)
    __user_perthread_libspace                0x08002759   Thumb Code     0  libspace.o(.text)
    __I$use$semihosting                      0x08002761   Thumb Code     0  use_no_semi.o(.text)
    __use_no_semihosting_swi                 0x08002761   Thumb Code     2  use_no_semi.o(.text)
    __semihosting_library_function           0x08002763   Thumb Code     0  indicate_semi.o(.text)
    __rt_heap_descriptor                     0x08002765   Thumb Code     8  rt_heap_descriptor_intlibspace.o(.text)
    __use_no_heap                            0x0800276d   Thumb Code     2  hguard.o(.text)
    __heap$guard                             0x0800276f   Thumb Code     2  hguard.o(.text)
    _terminate_user_alloc                    0x08002771   Thumb Code     2  init_alloc.o(.text)
    _init_user_alloc                         0x08002773   Thumb Code     2  init_alloc.o(.text)
    __Heap_Full                              0x08002775   Thumb Code    34  init_alloc.o(.text)
    __Heap_Broken                            0x08002797   Thumb Code     6  init_alloc.o(.text)
    _init_alloc                              0x0800279d   Thumb Code    94  init_alloc.o(.text)
    malloc                                   0x080027fb   Thumb Code    94  h1_alloc.o(.text)
    _fseek                                   0x08002859   Thumb Code   242  fseek.o(.text)
    fseek                                    0x08002859   Thumb Code     0  fseek.o(.text)
    _seterr                                  0x08002951   Thumb Code    20  stdio.o(.text)
    _writebuf                                0x08002965   Thumb Code    84  stdio.o(.text)
    _fflush                                  0x080029b9   Thumb Code    70  stdio.o(.text)
    _deferredlazyseek                        0x080029ff   Thumb Code    60  stdio.o(.text)
    __sig_exit                               0x08002a41   Thumb Code    10  defsig_exit.o(.text)
    __rt_SIGRTRED_inner                      0x08002a4d   Thumb Code    14  defsig_rtred_inner.o(.text)
    strlen                                   0x08002a81   Thumb Code    62  strlen.o(.text)
    _sys_exit                                0x08002ac1   Thumb Code     8  sys_exit.o(.text)
    __Heap_Initialize                        0x08002acd   Thumb Code    10  h1_init.o(.text)
    __Heap_DescSize                          0x08002ad7   Thumb Code     4  h1_init.o(.text)
    __Heap_ProvideMemory                     0x08002adb   Thumb Code    52  h1_extend.o(.text)
    _ftell_internal                          0x08002b0f   Thumb Code    70  ftell.o(.text)
    ftell                                    0x08002b0f   Thumb Code     0  ftell.o(.text)
    __default_signal_display                 0x08002b55   Thumb Code    50  defsig_general.o(.text)
    __rt_SIGRTMEM                            0x08002b87   Thumb Code    14  defsig_rtmem_outer.o(.text)
    _ttywrch                                 0x08002b95   Thumb Code    14  sys_wrch.o(.text)
    __aeabi_errno_addr                       0x08002ba5   Thumb Code     8  rt_errno_addr_intlibspace.o(.text)
    __errno$intlibspace                      0x08002ba5   Thumb Code     0  rt_errno_addr_intlibspace.o(.text)
    __rt_errno_addr$intlibspace              0x08002ba5   Thumb Code     0  rt_errno_addr_intlibspace.o(.text)
    __rt_SIGRTMEM_inner                      0x08002bad   Thumb Code    22  defsig_rtmem_inner.o(.text)
    fputc                                    0x08002bfd   Thumb Code    26  fputc.o(i.fputc)
    __stdin_name                             0x08002c66   Data           4  sys_io.o(.constdata)
    __stdout_name                            0x08002c6a   Data           4  sys_io.o(.constdata)
    __stderr_name                            0x08002c6e   Data           4  sys_io.o(.constdata)
    Region$$Table$$Base                      0x08002c74   Number         0  anon$$obj.o(Region$$Table)
    Region$$Table$$Limit                     0x08002c94   Number         0  anon$$obj.o(Region$$Table)
    flag                                     0x20000019   Data           1  main.o(.data)
    SystemCoreClock                          0x2000001c   Data           4  system_stm32l1xx.o(.data)
    PLLMulTable                              0x20000020   Data           9  system_stm32l1xx.o(.data)
    AHBPrescTable                            0x20000029   Data          16  system_stm32l1xx.o(.data)
    __aeabi_stdin                            0x20000040   Data           4  stdio_streams.o(.data)
    __aeabi_stdout                           0x20000044   Data           4  stdio_streams.o(.data)
    __aeabi_stderr                           0x20000048   Data           4  stdio_streams.o(.data)
    __stdin                                  0x2000004c   Data          84  stdio_streams.o(.bss)
    __stdout                                 0x200000a0   Data          84  stdio_streams.o(.bss)
    __stderr                                 0x200000f4   Data          84  stdio_streams.o(.bss)
    __libspace_start                         0x20000148   Data          96  libspace.o(.bss)
    __temporary_stack_top$libspace           0x200001a8   Data           0  libspace.o(.bss)



==============================================================================

Memory Map of the image

  Image Entry point : 0x080000f5

  Load Region LR_IROM1 (Base: 0x08000000, Size: 0x00002ce0, Max: 0x00010000, ABSOLUTE)

    Execution Region ER_IROM1 (Base: 0x08000000, Size: 0x00002c94, Max: 0x00010000, ABSOLUTE)

    Base Addr    Size         Type   Attr      Idx    E Section Name        Object

    0x08000000   0x000000f4   Data   RO            3    RESET               startup_stm32l1xx_md.o
    0x080000f4   0x00000008   Code   RO          666  * !!!main             c_w.l(__main.o)
    0x080000fc   0x00000034   Code   RO         1011    !!!scatter          c_w.l(__scatter.o)
    0x08000130   0x0000001a   Code   RO         1013    !!handler_copy      c_w.l(__scatter_copy.o)
    0x0800014a   0x00000002   PAD
    0x0800014c   0x0000001c   Code   RO         1015    !!handler_zi        c_w.l(__scatter_zi.o)
    0x08000168   0x00000002   Code   RO          801    .ARM.Collect$$libinit$$00000000  c_w.l(libinit.o)
    0x0800016a   0x00000000   Code   RO          803    .ARM.Collect$$libinit$$00000002  c_w.l(libinit2.o)
    0x0800016a   0x00000008   Code   RO          804    .ARM.Collect$$libinit$$00000003  c_w.l(libinit2.o)
    0x08000172   0x00000000   Code   RO          806    .ARM.Collect$$libinit$$00000008  c_w.l(libinit2.o)
    0x08000172   0x00000000   Code   RO          808    .ARM.Collect$$libinit$$0000000A  c_w.l(libinit2.o)
    0x08000172   0x00000000   Code   RO          810    .ARM.Collect$$libinit$$0000000C  c_w.l(libinit2.o)
    0x08000172   0x00000000   Code   RO          813    .ARM.Collect$$libinit$$0000000F  c_w.l(libinit2.o)
    0x08000172   0x00000000   Code   RO          815    .ARM.Collect$$libinit$$00000011  c_w.l(libinit2.o)
    0x08000172   0x00000000   Code   RO          817    .ARM.Collect$$libinit$$00000013  c_w.l(libinit2.o)
    0x08000172   0x00000000   Code   RO          819    .ARM.Collect$$libinit$$00000015  c_w.l(libinit2.o)
    0x08000172   0x00000000   Code   RO          821    .ARM.Collect$$libinit$$00000017  c_w.l(libinit2.o)
    0x08000172   0x00000000   Code   RO          823    .ARM.Collect$$libinit$$00000019  c_w.l(libinit2.o)
    0x08000172   0x00000000   Code   RO          825    .ARM.Collect$$libinit$$0000001B  c_w.l(libinit2.o)
    0x08000172   0x00000000   Code   RO          827    .ARM.Collect$$libinit$$0000001D  c_w.l(libinit2.o)
    0x08000172   0x00000000   Code   RO          829    .ARM.Collect$$libinit$$0000001F  c_w.l(libinit2.o)
    0x08000172   0x00000000   Code   RO          831    .ARM.Collect$$libinit$$00000021  c_w.l(libinit2.o)
    0x08000172   0x00000004   Code   RO          832    .ARM.Collect$$libinit$$00000022  c_w.l(libinit2.o)
    0x08000176   0x00000000   Code   RO          833    .ARM.Collect$$libinit$$00000023  c_w.l(libinit2.o)
    0x08000176   0x00000000   Code   RO          837    .ARM.Collect$$libinit$$0000002A  c_w.l(libinit2.o)
    0x08000176   0x00000000   Code   RO          839    .ARM.Collect$$libinit$$0000002C  c_w.l(libinit2.o)
    0x08000176   0x00000000   Code   RO          841    .ARM.Collect$$libinit$$0000002E  c_w.l(libinit2.o)
    0x08000176   0x00000000   Code   RO          843    .ARM.Collect$$libinit$$00000030  c_w.l(libinit2.o)
    0x08000176   0x00000002   Code   RO          844    .ARM.Collect$$libinit$$00000031  c_w.l(libinit2.o)
    0x08000178   0x00000002   Code   RO          990    .ARM.Collect$$libshutdown$$00000000  c_w.l(libshutdown.o)
    0x0800017a   0x00000004   Code   RO          846    .ARM.Collect$$libshutdown$$00000002  c_w.l(libshutdown2.o)
    0x0800017e   0x00000000   Code   RO          847    .ARM.Collect$$libshutdown$$00000003  c_w.l(libshutdown2.o)
    0x0800017e   0x00000000   Code   RO          850    .ARM.Collect$$libshutdown$$00000006  c_w.l(libshutdown2.o)
    0x0800017e   0x00000000   Code   RO          853    .ARM.Collect$$libshutdown$$00000009  c_w.l(libshutdown2.o)
    0x0800017e   0x00000000   Code   RO          855    .ARM.Collect$$libshutdown$$0000000B  c_w.l(libshutdown2.o)
    0x0800017e   0x00000000   Code   RO          858    .ARM.Collect$$libshutdown$$0000000E  c_w.l(libshutdown2.o)
    0x0800017e   0x00000002   Code   RO          859    .ARM.Collect$$libshutdown$$0000000F  c_w.l(libshutdown2.o)
    0x08000180   0x00000000   Code   RO          668    .ARM.Collect$$rtentry$$00000000  c_w.l(rtentry.o)
    0x08000180   0x00000000   Code   RO          678    .ARM.Collect$$rtentry$$00000002  c_w.l(rtentry2.o)
    0x08000180   0x00000006   Code   RO          690    .ARM.Collect$$rtentry$$00000004  c_w.l(rtentry4.o)
    0x08000186   0x00000000   Code   RO          680    .ARM.Collect$$rtentry$$00000009  c_w.l(rtentry2.o)
    0x08000186   0x00000004   Code   RO          681    .ARM.Collect$$rtentry$$0000000A  c_w.l(rtentry2.o)
    0x0800018a   0x00000000   Code   RO          683    .ARM.Collect$$rtentry$$0000000C  c_w.l(rtentry2.o)
    0x0800018a   0x00000008   Code   RO          684    .ARM.Collect$$rtentry$$0000000D  c_w.l(rtentry2.o)
    0x08000192   0x00000002   Code   RO          868    .ARM.Collect$$rtexit$$00000000  c_w.l(rtexit.o)
    0x08000194   0x00000000   Code   RO          926    .ARM.Collect$$rtexit$$00000002  c_w.l(rtexit2.o)
    0x08000194   0x00000004   Code   RO          927    .ARM.Collect$$rtexit$$00000003  c_w.l(rtexit2.o)
    0x08000198   0x00000006   Code   RO          928    .ARM.Collect$$rtexit$$00000004  c_w.l(rtexit2.o)
    0x0800019e   0x00000002   PAD
    0x080001a0   0x00000000   Code   RO          932    .emb_text           c_w.l(maybetermalloc1.o)
    0x080001a0   0x00000040   Code   RO            4    .text               startup_stm32l1xx_md.o
    0x080001e0   0x00000534   Code   RO           54    .text               stm32l1xx_adc.o
    0x08000714   0x0000023c   Code   RO          263    .text               stm32l1xx_gpio.o
    0x08000950   0x00000490   Code   RO          377    .text               stm32l1xx_rcc.o
    0x08000de0   0x00000a0c   Code   RO          471    .text               stm32l1xx_tim.o
    0x080017ec   0x000003f8   Code   RO          490    .text               stm32l1xx_usart.o
    0x08001be4   0x00000190   Code   RO          528    .text               main.o
    0x08001d74   0x00000250   Code   RO          563    .text               system_stm32l1xx.o
    0x08001fc4   0x0000004c   Code   RO          585    .text               stm32l1xx_it.o
    0x08002010   0x000000ac   Code   RO          625    .text               delay.o
    0x080020bc   0x00000018   Code   RO          662    .text               c_w.l(noretval__2printf.o)
    0x080020d4   0x00000006   Code   RO          664    .text               c_w.l(heapauxi.o)
    0x080020da   0x00000002   PAD
    0x080020dc   0x00000024   Code   RO          669    .text               c_w.l(_printf_char_file.o)
    0x08002100   0x00000030   Code   RO          692    .text               c_w.l(_printf_char_common.o)
    0x08002130   0x00000008   Code   RO          694    .text               c_w.l(ferror.o)
    0x08002138   0x00000138   Code   RO          700    .text               c_w.l(initio.o)
    0x08002270   0x00000066   Code   RO          708    .text               c_w.l(sys_io.o)
    0x080022d6   0x0000004a   Code   RO          715    .text               c_w.l(sys_stackheap_outer.o)
    0x08002320   0x0000004e   Code   RO          719    .text               c_w.l(h1_free.o)
    0x0800236e   0x00000026   Code   RO          773    .text               c_w.l(__printf_nopercent.o)
    0x08002394   0x000001de   Code   RO          775    .text               c_w.l(flsbuf.o)
    0x08002572   0x00000046   Code   RO          777    .text               c_w.l(setvbuf.o)
    0x080025b8   0x000000ec   Code   RO          780    .text               c_w.l(fopen.o)
    0x080026a4   0x0000004c   Code   RO          782    .text               c_w.l(fclose.o)
    0x080026f0   0x0000000c   Code   RO          788    .text               c_w.l(exit.o)
    0x080026fc   0x0000000e   Code   RO          790    .text               c_w.l(defsig_rtred_outer.o)
    0x0800270a   0x0000004e   Code   RO          794    .text               c_w.l(rt_memclr_w.o)
    0x08002758   0x00000008   Code   RO          862    .text               c_w.l(libspace.o)
    0x08002760   0x00000002   Code   RO          865    .text               c_w.l(use_no_semi.o)
    0x08002762   0x00000000   Code   RO          867    .text               c_w.l(indicate_semi.o)
    0x08002762   0x00000002   PAD
    0x08002764   0x00000008   Code   RO          875    .text               c_w.l(rt_heap_descriptor_intlibspace.o)
    0x0800276c   0x00000004   Code   RO          877    .text               c_w.l(hguard.o)
    0x08002770   0x0000008a   Code   RO          879    .text               c_w.l(init_alloc.o)
    0x080027fa   0x0000005e   Code   RO          885    .text               c_w.l(h1_alloc.o)
    0x08002858   0x000000f8   Code   RO          901    .text               c_w.l(fseek.o)
    0x08002950   0x000000f0   Code   RO          903    .text               c_w.l(stdio.o)
    0x08002a40   0x0000000a   Code   RO          909    .text               c_w.l(defsig_exit.o)
    0x08002a4a   0x00000002   PAD
    0x08002a4c   0x00000034   Code   RO          911    .text               c_w.l(defsig_rtred_inner.o)
    0x08002a80   0x0000003e   Code   RO          915    .text               c_w.l(strlen.o)
    0x08002abe   0x00000002   PAD
    0x08002ac0   0x0000000c   Code   RO          923    .text               c_w.l(sys_exit.o)
    0x08002acc   0x0000000e   Code   RO          934    .text               c_w.l(h1_init.o)
    0x08002ada   0x00000034   Code   RO          936    .text               c_w.l(h1_extend.o)
    0x08002b0e   0x00000046   Code   RO          946    .text               c_w.l(ftell.o)
    0x08002b54   0x00000032   Code   RO          954    .text               c_w.l(defsig_general.o)
    0x08002b86   0x0000000e   Code   RO          956    .text               c_w.l(defsig_rtmem_outer.o)
    0x08002b94   0x0000000e   Code   RO          971    .text               c_w.l(sys_wrch.o)
    0x08002ba2   0x00000002   PAD
    0x08002ba4   0x00000008   Code   RO          978    .text               c_w.l(rt_errno_addr_intlibspace.o)
    0x08002bac   0x00000050   Code   RO          984    .text               c_w.l(defsig_rtmem_inner.o)
    0x08002bfc   0x0000001a   Code   RO          697    i.fputc             c_w.l(fputc.o)
    0x08002c16   0x00000002   PAD
    0x08002c18   0x0000004e   Data   RO          529    .constdata          main.o
    0x08002c66   0x00000004   Data   RO          709    .constdata          c_w.l(sys_io.o)
    0x08002c6a   0x00000004   Data   RO          710    .constdata          c_w.l(sys_io.o)
    0x08002c6e   0x00000004   Data   RO          711    .constdata          c_w.l(sys_io.o)
    0x08002c72   0x00000002   PAD
    0x08002c74   0x00000020   Data   RO         1009    Region$$Table       anon$$obj.o


    Execution Region RW_IRAM1 (Base: 0x20000000, Size: 0x000007a8, Max: 0x00002800, ABSOLUTE)

    Base Addr    Size         Type   Attr      Idx    E Section Name        Object

    0x20000000   0x00000019   Data   RW          378    .data               stm32l1xx_rcc.o
    0x20000019   0x00000001   Data   RW          530    .data               main.o
    0x2000001a   0x00000002   PAD
    0x2000001c   0x0000001d   Data   RW          564    .data               system_stm32l1xx.o
    0x20000039   0x00000001   PAD
    0x2000003a   0x00000004   Data   RW          626    .data               delay.o
    0x2000003e   0x00000002   PAD
    0x20000040   0x00000004   Data   RW          674    .data               c_w.l(stdio_streams.o)
    0x20000044   0x00000004   Data   RW          675    .data               c_w.l(stdio_streams.o)
    0x20000048   0x00000004   Data   RW          676    .data               c_w.l(stdio_streams.o)
    0x2000004c   0x00000054   Zero   RW          671    .bss                c_w.l(stdio_streams.o)
    0x200000a0   0x00000054   Zero   RW          672    .bss                c_w.l(stdio_streams.o)
    0x200000f4   0x00000054   Zero   RW          673    .bss                c_w.l(stdio_streams.o)
    0x20000148   0x00000060   Zero   RW          863    .bss                c_w.l(libspace.o)
    0x200001a8   0x00000200   Zero   RW            2    HEAP                startup_stm32l1xx_md.o
    0x200003a8   0x00000400   Zero   RW            1    STACK               startup_stm32l1xx_md.o


==============================================================================

Image component sizes


      Code (inc. data)   RO Data    RW Data    ZI Data      Debug   Object Name

       172          8          0          4          0        955   delay.o
       400         22         78          1          0      14030   main.o
         0          0          0          0          0     178808   misc.o
        64         26        244          0       1536        752   startup_stm32l1xx_md.o
      1332         20          0          0          0      31718   stm32l1xx_adc.o
       572         32          0          0          0       9421   stm32l1xx_gpio.o
        76          6          0          0          0       1362   stm32l1xx_it.o
      1168         40          0         25          0       9345   stm32l1xx_rcc.o
      2572         32          0          0          0      37384   stm32l1xx_tim.o
      1016         20          0          0          0      13388   stm32l1xx_usart.o
       592         46          0         29          0       1623   system_stm32l1xx.o

    ----------------------------------------------------------------------
      7964        252        354         64       1536     298786   Object Totals
         0          0         32          0          0          0   (incl. Generated)
         0          0          0          5          0          0   (incl. Padding)

    ----------------------------------------------------------------------

      Code (inc. data)   RO Data    RW Data    ZI Data      Debug   Library Member Name

         8          0          0          0          0         68   __main.o
        38          0          0          0          0         84   __printf_nopercent.o
        52          8          0          0          0          0   __scatter.o
        26          0          0          0          0          0   __scatter_copy.o
        28          0          0          0          0          0   __scatter_zi.o
        48          6          0          0          0         96   _printf_char_common.o
        36          4          0          0          0         80   _printf_char_file.o
        10          0          0          0          0         68   defsig_exit.o
        50          0          0          0          0         88   defsig_general.o
        80         58          0          0          0         76   defsig_rtmem_inner.o
        14          0          0          0          0         80   defsig_rtmem_outer.o
        52         38          0          0          0         76   defsig_rtred_inner.o
        14          0          0          0          0         80   defsig_rtred_outer.o
        12          0          0          0          0         72   exit.o
        76          0          0          0          0         88   fclose.o
         8          0          0          0          0         68   ferror.o
       478          0          0          0          0         88   flsbuf.o
       236          4          0          0          0        128   fopen.o
        26          0          0          0          0         68   fputc.o
       248          6          0          0          0         84   fseek.o
        70          0          0          0          0         76   ftell.o
        94          0          0          0          0         80   h1_alloc.o
        52          0          0          0          0         68   h1_extend.o
        78          0          0          0          0         80   h1_free.o
        14          0          0          0          0         84   h1_init.o
         6          0          0          0          0        152   heapauxi.o
         4          0          0          0          0        136   hguard.o
         0          0          0          0          0          0   indicate_semi.o
       138          0          0          0          0        168   init_alloc.o
       312         46          0          0          0        112   initio.o
         2          0          0          0          0          0   libinit.o
        14          0          0          0          0          0   libinit2.o
         2          0          0          0          0          0   libshutdown.o
         6          0          0          0          0          0   libshutdown2.o
         8          4          0          0         96         68   libspace.o
         0          0          0          0          0          0   maybetermalloc1.o
        24          4          0          0          0         84   noretval__2printf.o
         8          4          0          0          0         68   rt_errno_addr_intlibspace.o
         8          4          0          0          0         68   rt_heap_descriptor_intlibspace.o
        78          0          0          0          0         80   rt_memclr_w.o
         0          0          0          0          0          0   rtentry.o
        12          0          0          0          0          0   rtentry2.o
         6          0          0          0          0          0   rtentry4.o
         2          0          0          0          0          0   rtexit.o
        10          0          0          0          0          0   rtexit2.o
        70          0          0          0          0         80   setvbuf.o
       240          6          0          0          0        156   stdio.o
         0          0          0         12        252          0   stdio_streams.o
        62          0          0          0          0         76   strlen.o
        12          4          0          0          0         68   sys_exit.o
       102          0         12          0          0        240   sys_io.o
        74          0          0          0          0         80   sys_stackheap_outer.o
        14          0          0          0          0         76   sys_wrch.o
         2          0          0          0          0         68   use_no_semi.o

    ----------------------------------------------------------------------
      3080        196         14         12        348       3560   Library Totals
        16          0          2          0          0          0   (incl. Padding)

    ----------------------------------------------------------------------

      Code (inc. data)   RO Data    RW Data    ZI Data      Debug   Library Name

      3064        196         12         12        348       3560   c_w.l

    ----------------------------------------------------------------------
      3080        196         14         12        348       3560   Library Totals

    ----------------------------------------------------------------------

==============================================================================


      Code (inc. data)   RO Data    RW Data    ZI Data      Debug   

     11044        448        368         76       1884     299434   Grand Totals
     11044        448        368         76       1884     299434   ELF Image Totals
     11044        448        368         76          0          0   ROM Totals

==============================================================================

    Total RO  Size (Code + RO Data)                11412 (  11.14kB)
    Total RW  Size (RW Data + ZI Data)              1960 (   1.91kB)
    Total ROM Size (Code + RO Data + RW Data)      11488 (  11.22kB)

==============================================================================

